Component: ARM Compiler 5.06 update 6 (build 750) Tool: armlink [4d35ed]

==============================================================================

Section Cross References

    startup_stm32f746xx.o(RESET) refers to startup_stm32f746xx.o(STACK) for __initial_sp
    startup_stm32f746xx.o(RESET) refers to startup_stm32f746xx.o(.text) for Reset_Handler
    startup_stm32f746xx.o(RESET) refers to stm32f7xx_it.o(i.SysTick_Handler) for SysTick_Handler
    startup_stm32f746xx.o(RESET) refers to stm32f7xx_it.o(i.DMA1_Stream6_IRQHandler) for DMA1_Stream6_IRQHandler
    startup_stm32f746xx.o(RESET) refers to stm32f7xx_it.o(i.TIM2_IRQHandler) for TIM2_IRQHandler
    startup_stm32f746xx.o(RESET) refers to stm32f7xx_it.o(i.TIM3_IRQHandler) for TIM3_IRQHandler
    startup_stm32f746xx.o(RESET) refers to stm32f7xx_it.o(i.TIM4_IRQHandler) for TIM4_IRQHandler
    startup_stm32f746xx.o(RESET) refers to stm32f7xx_it.o(i.USART1_IRQHandler) for USART1_IRQHandler
    startup_stm32f746xx.o(RESET) refers to stm32f7xx_it.o(i.EXTI15_10_IRQHandler) for EXTI15_10_IRQHandler
    startup_stm32f746xx.o(RESET) refers to stm32f7xx_it.o(i.TIM5_IRQHandler) for TIM5_IRQHandler
    startup_stm32f746xx.o(RESET) refers to stm32f7xx_it.o(i.DMA2_Stream0_IRQHandler) for DMA2_Stream0_IRQHandler
    startup_stm32f746xx.o(.text) refers to system_stm32f7xx.o(i.SystemInit) for SystemInit
    startup_stm32f746xx.o(.text) refers to entry.o(.ARM.Collect$$$$00000000) for __main
    stm32f7xx_hal_cortex.o(i.HAL_NVIC_GetPriorityGrouping) refers to stm32f7xx_hal_cortex.o(i.NVIC_GetPriorityGrouping) for NVIC_GetPriorityGrouping
    stm32f7xx_hal_cortex.o(i.HAL_NVIC_SetPriority) refers to stm32f7xx_hal_cortex.o(i.NVIC_GetPriorityGrouping) for NVIC_GetPriorityGrouping
    stm32f7xx_hal_cortex.o(i.HAL_NVIC_SetPriority) refers to stm32f7xx_hal_cortex.o(i.NVIC_SetPriority) for NVIC_SetPriority
    stm32f7xx_hal_cortex.o(i.HAL_SYSTICK_Config) refers to stm32f7xx_hal_cortex.o(i.NVIC_SetPriority) for NVIC_SetPriority
    stm32f7xx_hal_cortex.o(i.HAL_SYSTICK_IRQHandler) refers to stm32f7xx_hal_cortex.o(i.HAL_SYSTICK_Callback) for HAL_SYSTICK_Callback
    stm32f7xx_hal_flash_ex.o(i.FLASH_OB_BootAddressConfig) refers to stm32f7xx_hal_flash.o(i.FLASH_WaitForLastOperation) for FLASH_WaitForLastOperation
    stm32f7xx_hal_flash_ex.o(i.FLASH_OB_DisableWRP) refers to stm32f7xx_hal_flash.o(i.FLASH_WaitForLastOperation) for FLASH_WaitForLastOperation
    stm32f7xx_hal_flash_ex.o(i.FLASH_OB_EnableWRP) refers to stm32f7xx_hal_flash.o(i.FLASH_WaitForLastOperation) for FLASH_WaitForLastOperation
    stm32f7xx_hal_flash_ex.o(i.FLASH_OB_RDP_LevelConfig) refers to stm32f7xx_hal_flash.o(i.FLASH_WaitForLastOperation) for FLASH_WaitForLastOperation
    stm32f7xx_hal_flash_ex.o(i.FLASH_OB_UserConfig) refers to stm32f7xx_hal_flash.o(i.FLASH_WaitForLastOperation) for FLASH_WaitForLastOperation
    stm32f7xx_hal_flash_ex.o(i.HAL_FLASHEx_Erase) refers to stm32f7xx_hal_flash.o(i.FLASH_WaitForLastOperation) for FLASH_WaitForLastOperation
    stm32f7xx_hal_flash_ex.o(i.HAL_FLASHEx_Erase) refers to stm32f7xx_hal_flash_ex.o(i.FLASH_MassErase) for FLASH_MassErase
    stm32f7xx_hal_flash_ex.o(i.HAL_FLASHEx_Erase) refers to stm32f7xx_hal_flash_ex.o(i.FLASH_Erase_Sector) for FLASH_Erase_Sector
    stm32f7xx_hal_flash_ex.o(i.HAL_FLASHEx_Erase) refers to stm32f7xx_hal_flash.o(.bss) for pFlash
    stm32f7xx_hal_flash_ex.o(i.HAL_FLASHEx_Erase_IT) refers to stm32f7xx_hal_flash_ex.o(i.FLASH_MassErase) for FLASH_MassErase
    stm32f7xx_hal_flash_ex.o(i.HAL_FLASHEx_Erase_IT) refers to stm32f7xx_hal_flash_ex.o(i.FLASH_Erase_Sector) for FLASH_Erase_Sector
    stm32f7xx_hal_flash_ex.o(i.HAL_FLASHEx_Erase_IT) refers to stm32f7xx_hal_flash.o(.bss) for pFlash
    stm32f7xx_hal_flash_ex.o(i.HAL_FLASHEx_OBGetConfig) refers to stm32f7xx_hal_flash_ex.o(i.FLASH_OB_GetWRP) for FLASH_OB_GetWRP
    stm32f7xx_hal_flash_ex.o(i.HAL_FLASHEx_OBGetConfig) refers to stm32f7xx_hal_flash_ex.o(i.FLASH_OB_GetRDP) for FLASH_OB_GetRDP
    stm32f7xx_hal_flash_ex.o(i.HAL_FLASHEx_OBGetConfig) refers to stm32f7xx_hal_flash_ex.o(i.FLASH_OB_GetUser) for FLASH_OB_GetUser
    stm32f7xx_hal_flash_ex.o(i.HAL_FLASHEx_OBGetConfig) refers to stm32f7xx_hal_flash_ex.o(i.FLASH_OB_GetBOR) for FLASH_OB_GetBOR
    stm32f7xx_hal_flash_ex.o(i.HAL_FLASHEx_OBGetConfig) refers to stm32f7xx_hal_flash_ex.o(i.FLASH_OB_GetBootAddress) for FLASH_OB_GetBootAddress
    stm32f7xx_hal_flash_ex.o(i.HAL_FLASHEx_OBProgram) refers to stm32f7xx_hal_flash_ex.o(i.FLASH_OB_EnableWRP) for FLASH_OB_EnableWRP
    stm32f7xx_hal_flash_ex.o(i.HAL_FLASHEx_OBProgram) refers to stm32f7xx_hal_flash_ex.o(i.FLASH_OB_DisableWRP) for FLASH_OB_DisableWRP
    stm32f7xx_hal_flash_ex.o(i.HAL_FLASHEx_OBProgram) refers to stm32f7xx_hal_flash_ex.o(i.FLASH_OB_RDP_LevelConfig) for FLASH_OB_RDP_LevelConfig
    stm32f7xx_hal_flash_ex.o(i.HAL_FLASHEx_OBProgram) refers to stm32f7xx_hal_flash_ex.o(i.FLASH_OB_UserConfig) for FLASH_OB_UserConfig
[...]
    i.I2C_RequestMemoryWrite                 0x08005724   Section        0  stm32f7xx_hal_i2c.o(i.I2C_RequestMemoryWrite)
    I2C_RequestMemoryWrite                   0x08005725   Thumb Code   140  stm32f7xx_hal_i2c.o(i.I2C_RequestMemoryWrite)
    i.I2C_TransferConfig                     0x080057b0   Section        0  stm32f7xx_hal_i2c.o(i.I2C_TransferConfig)
    I2C_TransferConfig                       0x080057b1   Thumb Code    42  stm32f7xx_hal_i2c.o(i.I2C_TransferConfig)
    i.I2C_WaitOnFlagUntilTimeout             0x080057e0   Section        0  stm32f7xx_hal_i2c.o(i.I2C_WaitOnFlagUntilTimeout)
    I2C_WaitOnFlagUntilTimeout               0x080057e1   Thumb Code    86  stm32f7xx_hal_i2c.o(i.I2C_WaitOnFlagUntilTimeout)
    i.I2C_WaitOnSTOPFlagUntilTimeout         0x08005836   Section        0  stm32f7xx_hal_i2c.o(i.I2C_WaitOnSTOPFlagUntilTimeout)
    I2C_WaitOnSTOPFlagUntilTimeout           0x08005837   Thumb Code    86  stm32f7xx_hal_i2c.o(i.I2C_WaitOnSTOPFlagUntilTimeout)
    i.I2C_WaitOnTXISFlagUntilTimeout         0x0800588c   Section        0  stm32f7xx_hal_i2c.o(i.I2C_WaitOnTXISFlagUntilTimeout)
    I2C_WaitOnTXISFlagUntilTimeout           0x0800588d   Thumb Code    90  stm32f7xx_hal_i2c.o(i.I2C_WaitOnTXISFlagUntilTimeout)
    i.I2Cx_Error                             0x080058e6   Section        0  stm32746g_discovery.o(i.I2Cx_Error)
    I2Cx_Error                               0x080058e7   Thumb Code    20  stm32746g_discovery.o(i.I2Cx_Error)
    i.I2Cx_Init                              0x080058fc   Section        0  stm32746g_discovery.o(i.I2Cx_Init)
    I2Cx_Init                                0x080058fd   Thumb Code    64  stm32746g_discovery.o(i.I2Cx_Init)
    i.I2Cx_MspInit                           0x0800594c   Section        0  stm32746g_discovery.o(i.I2Cx_MspInit)
    I2Cx_MspInit                             0x0800594d   Thumb Code   338  stm32746g_discovery.o(i.I2Cx_MspInit)
    i.I2Cx_ReadMultiple                      0x08005ab0   Section        0  stm32746g_discovery.o(i.I2Cx_ReadMultiple)
    I2Cx_ReadMultiple                        0x08005ab1   Thumb Code    58  stm32746g_discovery.o(i.I2Cx_ReadMultiple)
    i.I2Cx_WriteMultiple                     0x08005aea   Section        0  stm32746g_discovery.o(i.I2Cx_WriteMultiple)
    I2Cx_WriteMultiple                       0x08005aeb   Thumb Code    58  stm32746g_discovery.o(i.I2Cx_WriteMultiple)
    i.LCD_Config                             0x08005b24   Section        0  main.o(i.LCD_Config)
    LCD_Config                               0x08005b25   Thumb Code    72  main.o(i.LCD_Config)
    i.LL_FillBuffer                          0x08005b6c   Section        0  stm32746g_discovery_lcd.o(i.LL_FillBuffer)
    LL_FillBuffer                            0x08005b6d   Thumb Code   120  stm32746g_discovery_lcd.o(i.LL_FillBuffer)
    i.LTDC_SetConfig                         0x08005bf4   Section        0  stm32f7xx_hal_ltdc.o(i.LTDC_SetConfig)
    LTDC_SetConfig                           0x08005bf5   Thumb Code   530  stm32f7xx_hal_ltdc.o(i.LTDC_SetConfig)
    i.MX_ADC3_Init                           0x08005e08   Section        0  main.o(i.MX_ADC3_Init)
    MX_ADC3_Init                             0x08005e09   Thumb Code    82  main.o(i.MX_ADC3_Init)
    i.MX_DMA_Init                            0x08005e64   Section        0  main.o(i.MX_DMA_Init)
    MX_DMA_Init                              0x08005e65   Thumb Code    48  main.o(i.MX_DMA_Init)
    i.MX_GPIO_Init                           0x08005e98   Section        0  main.o(i.MX_GPIO_Init)
    MX_GPIO_Init                             0x08005e99   Thumb Code  1752  main.o(i.MX_GPIO_Init)
    i.MX_I2C1_Init                           0x08006594   Section        0  main.o(i.MX_I2C1_Init)
    MX_I2C1_Init                             0x08006595   Thumb Code    46  main.o(i.MX_I2C1_Init)
    i.MX_LTDC_Init                           0x080065d0   Section        0  main.o(i.MX_LTDC_Init)
    MX_LTDC_Init                             0x080065d1   Thumb Code   160  main.o(i.MX_LTDC_Init)
    i.MX_TIM2_Init                           0x08006678   Section        0  main.o(i.MX_TIM2_Init)
    MX_TIM2_Init                             0x08006679   Thumb Code   116  main.o(i.MX_TIM2_Init)
    i.MX_TIM3_Init                           0x080066f0   Section        0  main.o(i.MX_TIM3_Init)
    MX_TIM3_Init                             0x080066f1   Thumb Code   112  main.o(i.MX_TIM3_Init)
    i.MX_TIM4_Init                           0x08006768   Section        0  main.o(i.MX_TIM4_Init)
    MX_TIM4_Init                             0x08006769   Thumb Code   114  main.o(i.MX_TIM4_Init)
    i.MX_TIM5_Init                           0x080067e4   Section        0  main.o(i.MX_TIM5_Init)
    MX_TIM5_Init                             0x080067e5   Thumb Code   114  main.o(i.MX_TIM5_Init)
    i.MX_UART_Init                           0x08006860   Section        0  main.o(i.MX_UART_Init)
    MX_UART_Init                             0x08006861   Thumb Code    62  main.o(i.MX_UART_Init)
    i.NVIC_GetPriorityGrouping               0x080068a8   Section        0  stm32f7xx_hal_cortex.o(i.NVIC_GetPriorityGrouping)
    NVIC_GetPriorityGrouping                 0x080068a9   Thumb Code    10  stm32f7xx_hal_cortex.o(i.NVIC_GetPriorityGrouping)
    i.NVIC_SetPriority                       0x080068b8   Section        0  stm32f7xx_hal_cortex.o(i.NVIC_SetPriority)
    NVIC_SetPriority                         0x080068b9   Thumb Code    32  stm32f7xx_hal_cortex.o(i.NVIC_SetPriority)
    i.PID_get_control                        0x080068e0   Section        0  pid.o(i.PID_get_control)
    i.PID_init                               0x080069f8   Section        0  pid.o(i.PID_init)
    i.SysTick_Handler                        0x080069fa   Section        0  stm32f7xx_it.o(i.SysTick_Handler)
    i.SystemClock_Config                     0x08006a06   Section        0  main.o(i.SystemClock_Config)
    i.SystemInit                             0x08006ab0   Section        0  system_stm32f7xx.o(i.SystemInit)
    i.TIM2_IRQHandler                        0x08006b14   Section        0  stm32f7xx_it.o(i.TIM2_IRQHandler)
    i.TIM3_IRQHandler                        0x08006b24   Section        0  stm32f7xx_it.o(i.TIM3_IRQHandler)
    i.TIM4_IRQHandler                        0x08006b34   Section        0  stm32f7xx_it.o(i.TIM4_IRQHandler)
    i.TIM5_IRQHandler                        0x08006b44   Section        0  stm32f7xx_it.o(i.TIM5_IRQHandler)
    i.TIM_Base_SetConfig                     0x08006b54   Section        0  stm32f7xx_hal_tim.o(i.TIM_Base_SetConfig)
    i.TIM_ETR_SetConfig                      0x08006c38   Section        0  stm32f7xx_hal_tim.o(i.TIM_ETR_SetConfig)
    i.TIM_ITRx_SetConfig                     0x08006c50   Section        0  stm32f7xx_hal_tim.o(i.TIM_ITRx_SetConfig)
    TIM_ITRx_SetConfig                       0x08006c51   Thumb Code    20  stm32f7xx_hal_tim.o(i.TIM_ITRx_SetConfig)
    i.TIM_TI1_ConfigInputStage               0x08006c64   Section        0  stm32f7xx_hal_tim.o(i.TIM_TI1_ConfigInputStage)
    TIM_TI1_ConfigInputStage                 0x08006c65   Thumb Code    42  stm32f7xx_hal_tim.o(i.TIM_TI1_ConfigInputStage)
    i.TIM_TI2_ConfigInputStage               0x08006c8e   Section        0  stm32f7xx_hal_tim.o(i.TIM_TI2_ConfigInputStage)
    TIM_TI2_ConfigInputStage                 0x08006c8f   Thumb Code    44  stm32f7xx_hal_tim.o(i.TIM_TI2_ConfigInputStage)
    i.TS_IO_Delay                            0x08006cba   Section        0  stm32746g_discovery.o(i.TS_IO_Delay)
    i.TS_IO_Init                             0x08006cc8   Section        0  stm32746g_discovery.o(i.TS_IO_Init)
    i.TS_IO_Read                             0x08006cd8   Section        0  stm32746g_discovery.o(i.TS_IO_Read)
    i.TS_IO_Write                            0x08006d00   Section        0  stm32746g_discovery.o(i.TS_IO_Write)
    i.UART_AdvFeatureConfig                  0x08006d24   Section        0  stm32f7xx_hal_uart.o(i.UART_AdvFeatureConfig)
    i.UART_CheckIdleState                    0x08006e0e   Section        0  stm32f7xx_hal_uart.o(i.UART_CheckIdleState)
    i.UART_DMAAbortOnError                   0x08006e82   Section        0  stm32f7xx_hal_uart.o(i.UART_DMAAbortOnError)
    UART_DMAAbortOnError                     0x08006e83   Thumb Code    24  stm32f7xx_hal_uart.o(i.UART_DMAAbortOnError)
    i.UART_EndRxTransfer                     0x08006e9a   Section        0  stm32f7xx_hal_uart.o(i.UART_EndRxTransfer)
    UART_EndRxTransfer                       0x08006e9b   Thumb Code    32  stm32f7xx_hal_uart.o(i.UART_EndRxTransfer)
    i.UART_EndTransmit_IT                    0x08006eba   Section        0  stm32f7xx_hal_uart.o(i.UART_EndTransmit_IT)
    UART_EndTransmit_IT                      0x08006ebb   Thumb Code    32  stm32f7xx_hal_uart.o(i.UART_EndTransmit_IT)
    i.UART_Receive_IT                        0x08006eda   Section        0  stm32f7xx_hal_uart.o(i.UART_Receive_IT)
    UART_Receive_IT                          0x08006edb   Thumb Code   136  stm32f7xx_hal_uart.o(i.UART_Receive_IT)
    i.UART_SetConfig                         0x08006f64   Section        0  stm32f7xx_hal_uart.o(i.UART_SetConfig)
    i.UART_Transmit_IT                       0x080072f0   Section        0  stm32f7xx_hal_uart.o(i.UART_Transmit_IT)
    UART_Transmit_IT                         0x080072f1   Thumb Code   106  stm32f7xx_hal_uart.o(i.UART_Transmit_IT)
    i.UART_WaitOnFlagUntilTimeout            0x0800735a   Section        0  stm32f7xx_hal_uart.o(i.UART_WaitOnFlagUntilTimeout)
    i.USART1_IRQHandler                      0x080073c8   Section        0  stm32f7xx_it.o(i.USART1_IRQHandler)
    i.__0sprintf                             0x080073d8   Section        0  printfa.o(i.__0sprintf)
    i.__scatterload_copy                     0x08007400   Section       14  handlers.o(i.__scatterload_copy)
    i.__scatterload_null                     0x0800740e   Section        2  handlers.o(i.__scatterload_null)
    i.__scatterload_zeroinit                 0x08007410   Section       14  handlers.o(i.__scatterload_zeroinit)
    i._fp_digits                             0x08007420   Section        0  printfa.o(i._fp_digits)
    _fp_digits                               0x08007421   Thumb Code   366  printfa.o(i._fp_digits)
    i._printf_core                           0x080075a4   Section        0  printfa.o(i._printf_core)
    _printf_core                             0x080075a5   Thumb Code  1744  printfa.o(i._printf_core)
    i._printf_post_padding                   0x08007c80   Section        0  printfa.o(i._printf_post_padding)
    _printf_post_padding                     0x08007c81   Thumb Code    36  printfa.o(i._printf_post_padding)
    i._printf_pre_padding                    0x08007ca4   Section        0  printfa.o(i._printf_pre_padding)
    _printf_pre_padding                      0x08007ca5   Thumb Code    46  printfa.o(i._printf_pre_padding)
    i._sputc                                 0x08007cd2   Section        0  printfa.o(i._sputc)
    _sputc                                   0x08007cd3   Thumb Code    10  printfa.o(i._sputc)
    i.error                                  0x08007cdc   Section        0  mat_lib.o(i.error)
    error                                    0x08007cdd   Thumb Code     4  mat_lib.o(i.error)
    i.free                                   0x08007ce0   Section        0  malloc.o(i.free)
    i.ft5336_Get_I2C_InitializedStatus       0x08007d30   Section        0  ft5336.o(i.ft5336_Get_I2C_InitializedStatus)
    ft5336_Get_I2C_InitializedStatus         0x08007d31   Thumb Code     6  ft5336.o(i.ft5336_Get_I2C_InitializedStatus)
    i.ft5336_I2C_InitializeIfRequired        0x08007d3c   Section        0  ft5336.o(i.ft5336_I2C_InitializeIfRequired)
    ft5336_I2C_InitializeIfRequired          0x08007d3d   Thumb Code    20  ft5336.o(i.ft5336_I2C_InitializeIfRequired)
    i.ft5336_Init                            0x08007d54   Section        0  ft5336.o(i.ft5336_Init)
    i.ft5336_ReadID                          0x08007d64   Section        0  ft5336.o(i.ft5336_ReadID)
    i.ft5336_Reset                           0x08007d9e   Section        0  ft5336.o(i.ft5336_Reset)
    i.ft5336_TS_ClearIT                      0x08007da0   Section        0  ft5336.o(i.ft5336_TS_ClearIT)
    i.ft5336_TS_Configure                    0x08007da2   Section        0  ft5336.o(i.ft5336_TS_Configure)
    ft5336_TS_Configure                      0x08007da3   Thumb Code     6  ft5336.o(i.ft5336_TS_Configure)
    i.ft5336_TS_DetectTouch                  0x08007da8   Section        0  ft5336.o(i.ft5336_TS_DetectTouch)
    i.ft5336_TS_DisableIT                    0x08007de8   Section        0  ft5336.o(i.ft5336_TS_DisableIT)
    i.ft5336_TS_EnableIT                     0x08007dfc   Section        0  ft5336.o(i.ft5336_TS_EnableIT)
    i.ft5336_TS_GetGestureID                 0x08007e10   Section        0  ft5336.o(i.ft5336_TS_GetGestureID)
    i.ft5336_TS_GetTouchInfo                 0x08007e2c   Section        0  ft5336.o(i.ft5336_TS_GetTouchInfo)
    i.ft5336_TS_GetXY                        0x08007f34   Section        0  ft5336.o(i.ft5336_TS_GetXY)
    i.ft5336_TS_ITStatus                     0x08008098   Section        0  ft5336.o(i.ft5336_TS_ITStatus)
    i.ft5336_TS_Start                        0x0800809e   Section        0  ft5336.o(i.ft5336_TS_Start)
    i.main                                   0x080080b4   Section        0  main.o(i.main)
    i.malloc                                 0x080081f8   Section        0  malloc.o(i.malloc)
    i.mat_get                                0x08008264   Section        0  mat_lib.o(i.mat_get)
    i.mat_move_down                          0x080082ac   Section        0  mat_lib.o(i.mat_move_down)
    i.mat_mul                                0x08008320   Section        0  mat_lib.o(i.mat_mul)
    i.mat_set                                0x080083ec   Section        0  mat_lib.o(i.mat_set)
    i.updateControlSignalValue               0x0800843c   Section        0  main.o(i.updateControlSignalValue)
    .constdata                               0x08008468   Section        8  stm32f7xx_hal_dma.o(.constdata)
    flagBitshiftOffset                       0x08008468   Data           8  stm32f7xx_hal_dma.o(.constdata)
    .constdata                               0x08008470   Section       24  system_stm32f7xx.o(.constdata)
    .constdata                               0x08008488   Section       24  stm32746g_discovery.o(.constdata)
    .constdata                               0x080084a0   Section    15580  stm32746g_discovery_lcd.o(.constdata)
    .data                                    0x20000000   Section        4  stm32f7xx_hal.o(.data)
    .data                                    0x20000004   Section      132  main.o(.data)
    xpos                                     0x20000070   Data           4  main.o(.data)
    buffertx                                 0x20000074   Data           2  main.o(.data)
    count                                    0x20000076   Data           1  main.o(.data)
    y                                        0x20000078   Data           4  main.o(.data)
    u                                        0x2000007c   Data           4  main.o(.data)
    i                                        0x20000080   Data           4  main.o(.data)
    tmpval                                   0x20000084   Data           4  main.o(.data)
    .data                                    0x20000088   Section        8  pid.o(.data)
    u_i_past                                 0x20000088   Data           4  pid.o(.data)
    e_past                                   0x2000008c   Data           4  pid.o(.data)
    .data                                    0x20000090   Section        4  system_stm32f7xx.o(.data)
    .data                                    0x20000094   Section       24  stm32746g_discovery.o(.data)
    .data                                    0x200000ac   Section       44  stm32746g_discovery_lcd.o(.data)
    ActiveLayer                              0x200000d4   Data           4  stm32746g_discovery_lcd.o(.data)
    .data                                    0x200000d8   Section        2  stm32746g_discovery_sdram.o(.data)
    sdramstatus                              0x200000d8   Data           1  stm32746g_discovery_sdram.o(.data)
    sdramstatus                              0x200000d9   Data           1  stm32746g_discovery_sdram.o(.data)
    .data                                    0x200000dc   Section       10  stm32746g_discovery_ts.o(.data)
    tsDriver                                 0x200000dc   Data           4  stm32746g_discovery_ts.o(.data)
    tsXBoundary                              0x200000e0   Data           2  stm32746g_discovery_ts.o(.data)
    tsYBoundary                              0x200000e2   Data           2  stm32746g_discovery_ts.o(.data)
    tsOrientation                            0x200000e4   Data           1  stm32746g_discovery_ts.o(.data)
    I2cAddress                               0x200000e5   Data           1  stm32746g_discovery_ts.o(.data)
    .data                                    0x200000e8   Section       46  ft5336.o(.data)
    ft5336_handle                            0x20000110   Data           3  ft5336.o(.data)
    coord                                    0x20000114   Data           2  ft5336.o(.data)
    .data                                    0x20000118   Section        4  mvars.o(.data)
    .data                                    0x2000011c   Section        4  mvars.o(.data)
    .bss                                     0x20000120   Section     1424  main.o(.bss)
    .bss                                     0x200006b0   Section      152  stm32746g_discovery.o(.bss)
    hI2cAudioHandler                         0x200006b0   Data          76  stm32746g_discovery.o(.bss)
    hI2cExtHandler                           0x200006fc   Data          76  stm32746g_discovery.o(.bss)
    .bss                                     0x20000748   Section      388  stm32746g_discovery_lcd.o(.bss)
    hDma2dHandler                            0x200007f0   Data          64  stm32746g_discovery_lcd.o(.bss)
    DrawProp                                 0x20000830   Data          24  stm32746g_discovery_lcd.o(.bss)
    periph_clk_init_struct                   0x20000848   Data         132  stm32746g_discovery_lcd.o(.bss)
    .bss                                     0x200008cc   Section      288  stm32746g_discovery_sdram.o(.bss)
    Timing                                   0x20000900   Data          28  stm32746g_discovery_sdram.o(.bss)
    Command                                  0x2000091c   Data          16  stm32746g_discovery_sdram.o(.bss)
    dma_handle                               0x2000092c   Data          96  stm32746g_discovery_sdram.o(.bss)
    dma_handle                               0x2000098c   Data          96  stm32746g_discovery_sdram.o(.bss)
    .bss                                     0x200009ec   Section       40  stm32746g_discovery_ts.o(.bss)
    _x                                       0x200009ec   Data          20  stm32746g_discovery_ts.o(.bss)
    _y                                       0x20000a00   Data          20  stm32746g_discovery_ts.o(.bss)
    HEAP                                     0x20000a18   Section      512  startup_stm32f746xx.o(HEAP)
    STACK                                    0x20000c18   Section     1024  startup_stm32f746xx.o(STACK)

    Global Symbols

    Symbol Name                              Value     Ov Type        Size  Object(Section)

    BuildAttributes$$THM_ISAv4$E$P$D$K$B$S$7EM$VFPi5$EXTD16$VFPS$VFMA$PE$PLD8$A:L22UL41UL21$X:L11$S22US41US21$IEEE1$IW$USESV6$~STKCKD$USESV7$~SHL$OTIME$ROPI$EBA8$MICROLIB$REQ8$PRES8$EABIv2 0x00000000   Number         0  anon$$obj.o ABSOLUTE
    __ARM_use_no_argv                        0x00000000   Number         0  main.o ABSOLUTE
    _printf_a                                0x00000000   Number         0  stubs.o ABSOLUTE
    _printf_c                                0x00000000   Number         0  stubs.o ABSOLUTE
    _printf_charcount                        0x00000000   Number         0  stubs.o ABSOLUTE
    _printf_d                                0x00000000   Number         0  stubs.o ABSOLUTE
    _printf_e                                0x00000000   Number         0  stubs.o ABSOLUTE
    _printf_f                                0x00000000   Number         0  stubs.o ABSOLUTE
    _printf_flags                            0x00000000   Number         0  stubs.o ABSOLUTE
    _printf_fp_dec                           0x00000000   Number         0  stubs.o ABSOLUTE
    _printf_fp_hex                           0x00000000   Number         0  stubs.o ABSOLUTE
    _printf_g                                0x00000000   Number         0  stubs.o ABSOLUTE
    _printf_i                                0x00000000   Number         0  stubs.o ABSOLUTE
    _printf_int_dec                          0x00000000   Number         0  stubs.o ABSOLUTE
    _printf_l                                0x00000000   Number         0  stubs.o ABSOLUTE
    _printf_lc                               0x00000000   Number         0  stubs.o ABSOLUTE
    _printf_ll                               0x00000000   Number         0  stubs.o ABSOLUTE
    _printf_lld                              0x00000000   Number         0  stubs.o ABSOLUTE
    _printf_lli                              0x00000000   Number         0  stubs.o ABSOLUTE
    _printf_llo                              0x00000000   Number         0  stubs.o ABSOLUTE
    _printf_llu                              0x00000000   Number         0  stubs.o ABSOLUTE
    _printf_llx                              0x00000000   Number         0  stubs.o ABSOLUTE
    _printf_longlong_dec                     0x00000000   Number         0  stubs.o ABSOLUTE
    _printf_longlong_hex                     0x00000000   Number         0  stubs.o ABSOLUTE
    _printf_longlong_oct                     0x00000000   Number         0  stubs.o ABSOLUTE
    _printf_ls                               0x00000000   Number         0  stubs.o ABSOLUTE
    _printf_mbtowc                           0x00000000   Number         0  stubs.o ABSOLUTE
    _printf_n                                0x00000000   Number         0  stubs.o ABSOLUTE
    _printf_o                                0x00000000   Number         0  stubs.o ABSOLUTE
    _printf_p                                0x00000000   Number         0  stubs.o ABSOLUTE
    _printf_percent                          0x00000000   Number         0  stubs.o ABSOLUTE
    _printf_pre_padding                      0x00000000   Number         0  stubs.o ABSOLUTE
    _printf_return_value                     0x00000000   Number         0  stubs.o ABSOLUTE
    _printf_s                                0x00000000   Number         0  stubs.o ABSOLUTE
    _printf_sizespec                         0x00000000   Number         0  stubs.o ABSOLUTE
    _printf_str                              0x00000000   Number         0  stubs.o ABSOLUTE
    _printf_truncate_signed                  0x00000000   Number         0  stubs.o ABSOLUTE
    _printf_truncate_unsigned                0x00000000   Number         0  stubs.o ABSOLUTE
    _printf_u                                0x00000000   Number         0  stubs.o ABSOLUTE
    _printf_wc                               0x00000000   Number         0  stubs.o ABSOLUTE
    _printf_wctomb                           0x00000000   Number         0  stubs.o ABSOLUTE
    _printf_widthprec                        0x00000000   Number         0  stubs.o ABSOLUTE
    _printf_x                                0x00000000   Number         0  stubs.o ABSOLUTE
    __cpp_initialize__aeabi_                  - Undefined Weak Reference
    __cxa_finalize                            - Undefined Weak Reference
    __decompress                              - Undefined Weak Reference
    _clock_init                               - Undefined Weak Reference
    _microlib_exit                            - Undefined Weak Reference
    __Vectors_Size                           0x000001c8   Number         0  startup_stm32f746xx.o ABSOLUTE
    __Vectors                                0x08000000   Data           4  startup_stm32f746xx.o(RESET)
    __Vectors_End                            0x080001c8   Data           0  startup_stm32f746xx.o(RESET)
    __main                                   0x080001c9   Thumb Code     0  entry.o(.ARM.Collect$$$$00000000)
    _main_stk                                0x080001c9   Thumb Code     0  entry2.o(.ARM.Collect$$$$00000001)
    _main_scatterload                        0x080001cd   Thumb Code     0  entry5.o(.ARM.Collect$$$$00000004)
    __main_after_scatterload                 0x080001d1   Thumb Code     0  entry5.o(.ARM.Collect$$$$00000004)
    _main_clock                              0x080001d1   Thumb Code     0  entry7b.o(.ARM.Collect$$$$00000008)
    _main_cpp_init                           0x080001d1   Thumb Code     0  entry8b.o(.ARM.Collect$$$$0000000A)
    _main_init                               0x080001d1   Thumb Code     0  entry9a.o(.ARM.Collect$$$$0000000B)
    __rt_final_cpp                           0x080001d9   Thumb Code     0  entry10a.o(.ARM.Collect$$$$0000000D)
    __rt_final_exit                          0x080001d9   Thumb Code     0  entry11a.o(.ARM.Collect$$$$0000000F)
    Reset_Handler                            0x080001dd   Thumb Code     8  startup_stm32f746xx.o(.text)
    NMI_Handler                              0x080001e5   Thumb Code     2  startup_stm32f746xx.o(.text)
    HardFault_Handler                        0x080001e7   Thumb Code     2  startup_stm32f746xx.o(.text)
    MemManage_Handler                        0x080001e9   Thumb Code     2  startup_stm32f746xx.o(.text)
    BusFault_Handler                         0x080001eb   Thumb Code     2  startup_stm32f746xx.o(.text)
    UsageFault_Handler                       0x080001ed   Thumb Code     2  startup_stm32f746xx.o(.text)
    SVC_Handler                              0x080001ef   Thumb Code     2  startup_stm32f746xx.o(.text)
    DebugMon_Handler                         0x080001f1   Thumb Code     2  startup_stm32f746xx.o(.text)
    PendSV_Handler                           0x080001f3   Thumb Code     2  startup_stm32f746xx.o(.text)
    ADC_IRQHandler                           0x080001f7   Thumb Code     0  startup_stm32f746xx.o(.text)
    CAN1_RX0_IRQHandler                      0x080001f7   Thumb Code     0  startup_stm32f746xx.o(.text)
    CAN1_RX1_IRQHandler                      0x080001f7   Thumb Code     0  startup_stm32f746xx.o(.text)
    CAN1_SCE_IRQHandler                      0x080001f7   Thumb Code     0  startup_stm32f746xx.o(.text)
    CAN1_TX_IRQHandler                       0x080001f7   Thumb Code     0  startup_stm32f746xx.o(.text)
    CAN2_RX0_IRQHandler                      0x080001f7   Thumb Code     0  startup_stm32f746xx.o(.text)
    CAN2_RX1_IRQHandler                      0x080001f7   Thumb Code     0  startup_stm32f746xx.o(.text)
    CAN2_SCE_IRQHandler                      0x080001f7   Thumb Code     0  startup_stm32f746xx.o(.text)
    CAN2_TX_IRQHandler                       0x080001f7   Thumb Code     0  startup_stm32f746xx.o(.text)
    CEC_IRQHandler                           0x080001f7   Thumb Code     0  startup_stm32f746xx.o(.text)
    DCMI_IRQHandler                          0x080001f7   Thumb Code     0  startup_stm32f746xx.o(.text)
    DMA1_Stream0_IRQHandler                  0x080001f7   Thumb Code     0  startup_stm32f746xx.o(.text)
    DMA1_Stream1_IRQHandler                  0x080001f7   Thumb Code     0  startup_stm32f746xx.o(.text)
    DMA1_Stream2_IRQHandler                  0x080001f7   Thumb Code     0  startup_stm32f746xx.o(.text)
    DMA1_Stream3_IRQHandler                  0x080001f7   Thumb Code     0  startup_stm32f746xx.o(.text)
    DMA1_Stream4_IRQHandler                  0x080001f7   Thumb Code     0  startup_stm32f746xx.o(.text)
    DMA1_Stream5_IRQHandler                  0x080001f7   Thumb Code     0  startup_stm32f746xx.o(.text)
    DMA1_Stream7_IRQHandler                  0x080001f7   Thumb Code     0  startup_stm32f746xx.o(.text)
    DMA2D_IRQHandler                         0x080001f7   Thumb Code     0  startup_stm32f746xx.o(.text)
    DMA2_Stream1_IRQHandler                  0x080001f7   Thumb Code     0  startup_stm32f746xx.o(.text)
    DMA2_Stream2_IRQHandler                  0x080001f7   Thumb Code     0  startup_stm32f746xx.o(.text)
    DMA2_Stream3_IRQHandler                  0x080001f7   Thumb Code     0  startup_stm32f746xx.o(.text)
    DMA2_Stream4_IRQHandler                  0x080001f7   Thumb Code     0  startup_stm32f746xx.o(.text)
    DMA2_Stream5_IRQHandler                  0x080001f7   Thumb Code     0  startup_stm32f746xx.o(.text)
    DMA2_Stream6_IRQHandler                  0x080001f7   Thumb Code     0  startup_stm32f746xx.o(.text)
    DMA2_Stream7_IRQHandler                  0x080001f7   Thumb Code     0  startup_stm32f746xx.o(.text)
    ETH_IRQHandler                           0x080001f7   Thumb Code     0  startup_stm32f746xx.o(.text)
    ETH_WKUP_IRQHandler                      0x080001f7   Thumb Code     0  startup_stm32f746xx.o(.text)
    EXTI0_IRQHandler                         0x080001f7   Thumb Code     0  startup_stm32f746xx.o(.text)
    EXTI1_IRQHandler                         0x080001f7   Thumb Code     0  startup_stm32f746xx.o(.text)
    EXTI2_IRQHandler                         0x080001f7   Thumb Code     0  startup_stm32f746xx.o(.text)
    EXTI3_IRQHandler                         0x080001f7   Thumb Code     0  startup_stm32f746xx.o(.text)
    EXTI4_IRQHandler                         0x080001f7   Thumb Code     0  startup_stm32f746xx.o(.text)
    EXTI9_5_IRQHandler                       0x080001f7   Thumb Code     0  startup_stm32f746xx.o(.text)
    FLASH_IRQHandler                         0x080001f7   Thumb Code     0  startup_stm32f746xx.o(.text)
    FMC_IRQHandler                           0x080001f7   Thumb Code     0  startup_stm32f746xx.o(.text)
    FPU_IRQHandler                           0x080001f7   Thumb Code     0  startup_stm32f746xx.o(.text)
    I2C1_ER_IRQHandler                       0x080001f7   Thumb Code     0  startup_stm32f746xx.o(.text)
    I2C1_EV_IRQHandler                       0x080001f7   Thumb Code     0  startup_stm32f746xx.o(.text)
    I2C2_ER_IRQHandler                       0x080001f7   Thumb Code     0  startup_stm32f746xx.o(.text)
    I2C2_EV_IRQHandler                       0x080001f7   Thumb Code     0  startup_stm32f746xx.o(.text)
    I2C3_ER_IRQHandler                       0x080001f7   Thumb Code     0  startup_stm32f746xx.o(.text)
    I2C3_EV_IRQHandler                       0x080001f7   Thumb Code     0  startup_stm32f746xx.o(.text)
    I2C4_ER_IRQHandler                       0x080001f7   Thumb Code     0  startup_stm32f746xx.o(.text)
    I2C4_EV_IRQHandler                       0x080001f7   Thumb Code     0  startup_stm32f746xx.o(.text)
    LPTIM1_IRQHandler                        0x080001f7   Thumb Code     0  startup_stm32f746xx.o(.text)
    LTDC_ER_IRQHandler                       0x080001f7   Thumb Code     0  startup_stm32f746xx.o(.text)
    LTDC_IRQHandler                          0x080001f7   Thumb Code     0  startup_stm32f746xx.o(.text)
    OTG_FS_IRQHandler                        0x080001f7   Thumb Code     0  startup_stm32f746xx.o(.text)
    OTG_FS_WKUP_IRQHandler                   0x080001f7   Thumb Code     0  startup_stm32f746xx.o(.text)
    OTG_HS_EP1_IN_IRQHandler                 0x080001f7   Thumb Code     0  startup_stm32f746xx.o(.text)
    OTG_HS_EP1_OUT_IRQHandler                0x080001f7   Thumb Code     0  startup_stm32f746xx.o(.text)
    OTG_HS_IRQHandler                        0x080001f7   Thumb Code     0  startup_stm32f746xx.o(.text)
    OTG_HS_WKUP_IRQHandler                   0x080001f7   Thumb Code     0  startup_stm32f746xx.o(.text)
    PVD_IRQHandler                           0x080001f7   Thumb Code     0  startup_stm32f746xx.o(.text)
    QUADSPI_IRQHandler                       0x080001f7   Thumb Code     0  startup_stm32f746xx.o(.text)
    RCC_IRQHandler                           0x080001f7   Thumb Code     0  startup_stm32f746xx.o(.text)
    RNG_IRQHandler                           0x080001f7   Thumb Code     0  startup_stm32f746xx.o(.text)
    RTC_Alarm_IRQHandler                     0x080001f7   Thumb Code     0  startup_stm32f746xx.o(.text)
    RTC_WKUP_IRQHandler                      0x080001f7   Thumb Code     0  startup_stm32f746xx.o(.text)
    SAI1_IRQHandler                          0x080001f7   Thumb Code     0  startup_stm32f746xx.o(.text)
    SAI2_IRQHandler                          0x080001f7   Thumb Code     0  startup_stm32f746xx.o(.text)
    SDMMC1_IRQHandler                        0x080001f7   Thumb Code     0  startup_stm32f746xx.o(.text)
    SPDIF_RX_IRQHandler                      0x080001f7   Thumb Code     0  startup_stm32f746xx.o(.text)
    SPI1_IRQHandler                          0x080001f7   Thumb Code     0  startup_stm32f746xx.o(.text)
    SPI2_IRQHandler                          0x080001f7   Thumb Code     0  startup_stm32f746xx.o(.text)
    SPI3_IRQHandler                          0x080001f7   Thumb Code     0  startup_stm32f746xx.o(.text)
    SPI4_IRQHandler                          0x080001f7   Thumb Code     0  startup_stm32f746xx.o(.text)
    SPI5_IRQHandler                          0x080001f7   Thumb Code     0  startup_stm32f746xx.o(.text)
    SPI6_IRQHandler                          0x080001f7   Thumb Code     0  startup_stm32f746xx.o(.text)
    TAMP_STAMP_IRQHandler                    0x080001f7   Thumb Code     0  startup_stm32f746xx.o(.text)
    TIM1_BRK_TIM9_IRQHandler                 0x080001f7   Thumb Code     0  startup_stm32f746xx.o(.text)
    TIM1_CC_IRQHandler                       0x080001f7   Thumb Code     0  startup_stm32f746xx.o(.text)
    TIM1_TRG_COM_TIM11_IRQHandler            0x080001f7   Thumb Code     0  startup_stm32f746xx.o(.text)
    TIM1_UP_TIM10_IRQHandler                 0x080001f7   Thumb Code     0  startup_stm32f746xx.o(.text)
    TIM6_DAC_IRQHandler                      0x080001f7   Thumb Code     0  startup_stm32f746xx.o(.text)
    TIM7_IRQHandler                          0x080001f7   Thumb Code     0  startup_stm32f746xx.o(.text)
    TIM8_BRK_TIM12_IRQHandler                0x080001f7   Thumb Code     0  startup_stm32f746xx.o(.text)
    TIM8_CC_IRQHandler                       0x080001f7   Thumb Code     0  startup_stm32f746xx.o(.text)
    TIM8_TRG_COM_TIM14_IRQHandler            0x080001f7   Thumb Code     0  startup_stm32f746xx.o(.text)
    TIM8_UP_TIM13_IRQHandler                 0x080001f7   Thumb Code     0  startup_stm32f746xx.o(.text)
    UART4_IRQHandler                         0x080001f7   Thumb Code     0  startup_stm32f746xx.o(.text)
    UART5_IRQHandler                         0x080001f7   Thumb Code     0  startup_stm32f746xx.o(.text)
    UART7_IRQHandler                         0x080001f7   Thumb Code     0  startup_stm32f746xx.o(.text)
    UART8_IRQHandler                         0x080001f7   Thumb Code     0  startup_stm32f746xx.o(.text)
    USART2_IRQHandler                        0x080001f7   Thumb Code     0  startup_stm32f746xx.o(.text)
    USART3_IRQHandler                        0x080001f7   Thumb Code     0  startup_stm32f746xx.o(.text)
    USART6_IRQHandler                        0x080001f7   Thumb Code     0  startup_stm32f746xx.o(.text)
    WWDG_IRQHandler                          0x080001f7   Thumb Code     0  startup_stm32f746xx.o(.text)
    __aeabi_memcpy                           0x08000201   Thumb Code    36  memcpya.o(.text)
    __aeabi_memcpy4                          0x08000201   Thumb Code     0  memcpya.o(.text)
    __aeabi_memcpy8                          0x08000201   Thumb Code     0  memcpya.o(.text)
    __aeabi_dadd                             0x08000225   Thumb Code   322  dadd.o(.text)
    __aeabi_dsub                             0x08000367   Thumb Code     6  dadd.o(.text)
    __aeabi_drsub                            0x0800036d   Thumb Code     6  dadd.o(.text)
    __aeabi_dmul                             0x08000373   Thumb Code   228  dmul.o(.text)
    __aeabi_ddiv                             0x08000457   Thumb Code   222  ddiv.o(.text)
    __aeabi_f2d                              0x08000535   Thumb Code    38  f2d.o(.text)
    __aeabi_d2f                              0x0800055b   Thumb Code    56  d2f.o(.text)
    __aeabi_uidiv                            0x08000593   Thumb Code     0  uidiv.o(.text)
    __aeabi_uidivmod                         0x08000593   Thumb Code    44  uidiv.o(.text)
    __aeabi_uldivmod                         0x080005bf   Thumb Code    98  uldiv.o(.text)
    __aeabi_llsl                             0x08000621   Thumb Code    30  llshl.o(.text)
    _ll_shift_l                              0x08000621   Thumb Code     0  llshl.o(.text)
    __aeabi_lasr                             0x0800063f   Thumb Code    36  llsshr.o(.text)
    _ll_sshift_r                             0x0800063f   Thumb Code     0  llsshr.o(.text)
    __I$use$fp                               0x08000663   Thumb Code     0  iusefp.o(.text)
    _float_round                             0x08000663   Thumb Code    18  fepilogue.o(.text)
    _float_epilogue                          0x08000675   Thumb Code    92  fepilogue.o(.text)
    _double_round                            0x080006d1   Thumb Code    30  depilogue.o(.text)
    _double_epilogue                         0x080006ef   Thumb Code   156  depilogue.o(.text)
    __aeabi_d2ulz                            0x0800078b   Thumb Code    48  dfixul.o(.text)
    __aeabi_cdrcmple                         0x080007bd   Thumb Code    48  cdrcmple.o(.text)
    __scatterload                            0x080007ed   Thumb Code    28  init.o(.text)
    __scatterload_rt2                        0x080007ed   Thumb Code     0  init.o(.text)
    __aeabi_llsr                             0x08000811   Thumb Code    32  llushr.o(.text)
    _ll_ushift_r                             0x08000811   Thumb Code     0  llushr.o(.text)
    BSP_LCD_Clear                            0x08000a41   Thumb Code    56  stm32746g_discovery_lcd.o(i.BSP_LCD_Clear)
    BSP_LCD_ClockConfig                      0x08000a81   Thumb Code    38  stm32746g_discovery_lcd.o(i.BSP_LCD_ClockConfig)
    BSP_LCD_DisplayChar                      0x08000aad   Thumb Code    96  stm32746g_discovery_lcd.o(i.BSP_LCD_DisplayChar)
    BSP_LCD_DisplayOn                        0x08000b15   Thumb Code    40  stm32746g_discovery_lcd.o(i.BSP_LCD_DisplayOn)
    BSP_LCD_DisplayStringAt                  0x08000b49   Thumb Code   286  stm32746g_discovery_lcd.o(i.BSP_LCD_DisplayStringAt)
    BSP_LCD_DisplayStringAtLine              0x08000c71   Thumb Code    30  stm32746g_discovery_lcd.o(i.BSP_LCD_DisplayStringAtLine)
    BSP_LCD_DrawPixel                        0x08000c91   Thumb Code    98  stm32746g_discovery_lcd.o(i.BSP_LCD_DrawPixel)
    BSP_LCD_GetFont                          0x08000cfd   Thumb Code    18  stm32746g_discovery_lcd.o(i.BSP_LCD_GetFont)
    BSP_LCD_GetXSize                         0x08000d19   Thumb Code    22  stm32746g_discovery_lcd.o(i.BSP_LCD_GetXSize)
    BSP_LCD_GetYSize                         0x08000d39   Thumb Code    22  stm32746g_discovery_lcd.o(i.BSP_LCD_GetYSize)
    BSP_LCD_Init                             0x08000d59   Thumb Code   156  stm32746g_discovery_lcd.o(i.BSP_LCD_Init)
    BSP_LCD_LayerDefaultInit                 0x08000e09   Thumb Code   132  stm32746g_discovery_lcd.o(i.BSP_LCD_LayerDefaultInit)
    BSP_LCD_MspInit                          0x08000e99   Thumb Code   402  stm32746g_discovery_lcd.o(i.BSP_LCD_MspInit)
    BSP_LCD_SelectLayer                      0x08001045   Thumb Code     6  stm32746g_discovery_lcd.o(i.BSP_LCD_SelectLayer)
    BSP_LCD_SetFont                          0x08001051   Thumb Code    18  stm32746g_discovery_lcd.o(i.BSP_LCD_SetFont)
    BSP_LCD_SetTransparency                  0x0800106d   Thumb Code    18  stm32746g_discovery_lcd.o(i.BSP_LCD_SetTransparency)
    BSP_LED_Init                             0x08001085   Thumb Code    84  stm32746g_discovery.o(i.BSP_LED_Init)
    BSP_LED_On                               0x080010e5   Thumb Code    26  stm32746g_discovery.o(i.BSP_LED_On)
    BSP_PB_Init                              0x08001109   Thumb Code   210  stm32746g_discovery.o(i.BSP_PB_Init)
    BSP_SDRAM_Init                           0x080011f5   Thumb Code   122  stm32746g_discovery_sdram.o(i.BSP_SDRAM_Init)
    BSP_SDRAM_Initialization_sequence        0x08001281   Thumb Code   142  stm32746g_discovery_sdram.o(i.BSP_SDRAM_Initialization_sequence)
    BSP_SDRAM_MspInit                        0x08001319   Thumb Code   418  stm32746g_discovery_sdram.o(i.BSP_SDRAM_MspInit)
    BSP_TS_GetState                          0x080014e1   Thumb Code   526  stm32746g_discovery_ts.o(i.BSP_TS_GetState)
    BSP_TS_Get_GestureId                     0x0800170d   Thumb Code   106  stm32746g_discovery_ts.o(i.BSP_TS_Get_GestureId)
    BSP_TS_ITConfig                          0x0800177d   Thumb Code    64  stm32746g_discovery_ts.o(i.BSP_TS_ITConfig)
    BSP_TS_Init                              0x080017cd   Thumb Code    74  stm32746g_discovery_ts.o(i.BSP_TS_Init)
    DMA1_Stream6_IRQHandler                  0x08001831   Thumb Code    10  stm32f7xx_it.o(i.DMA1_Stream6_IRQHandler)
    DMA2_Stream0_IRQHandler                  0x08001949   Thumb Code    10  stm32f7xx_it.o(i.DMA2_Stream0_IRQHandler)
    DMC_get_control                          0x08001a73   Thumb Code   190  dmc.o(i.DMC_get_control)
    DMC_init                                 0x08001b31   Thumb Code   110  dmc.o(i.DMC_init)
    EXTI15_10_IRQHandler                     0x08001ca9   Thumb Code    20  stm32f7xx_it.o(i.EXTI15_10_IRQHandler)
    Error_Handler                            0x08001cbd   Thumb Code     4  main.o(i.Error_Handler)
    FMC_SDRAM_Init                           0x08001cc1   Thumb Code   116  stm32f7xx_ll_fmc.o(i.FMC_SDRAM_Init)
    FMC_SDRAM_ProgramRefreshRate             0x08001d35   Thumb Code    14  stm32f7xx_ll_fmc.o(i.FMC_SDRAM_ProgramRefreshRate)
    FMC_SDRAM_SendCommand                    0x08001d43   Thumb Code    82  stm32f7xx_ll_fmc.o(i.FMC_SDRAM_SendCommand)
    FMC_SDRAM_Timing_Init                    0x08001d95   Thumb Code   152  stm32f7xx_ll_fmc.o(i.FMC_SDRAM_Timing_Init)
    HAL_ADC_ConfigChannel                    0x08001e31   Thumb Code   414  stm32f7xx_hal_adc.o(i.HAL_ADC_ConfigChannel)
    HAL_ADC_ConvCpltCallback                 0x08001fe5   Thumb Code    66  main.o(i.HAL_ADC_ConvCpltCallback)
    HAL_ADC_ConvHalfCpltCallback             0x08002039   Thumb Code     2  stm32f7xx_hal_adc.o(i.HAL_ADC_ConvHalfCpltCallback)
    HAL_ADC_ErrorCallback                    0x0800203b   Thumb Code     2  stm32f7xx_hal_adc.o(i.HAL_ADC_ErrorCallback)
    HAL_ADC_Init                             0x0800203d   Thumb Code   100  stm32f7xx_hal_adc.o(i.HAL_ADC_Init)
    HAL_ADC_MspInit                          0x080020a5   Thumb Code   210  stm32f7xx_hal_msp.o(i.HAL_ADC_MspInit)
    HAL_ADC_Start                            0x08002191   Thumb Code   238  stm32f7xx_hal_adc.o(i.HAL_ADC_Start)
    HAL_ADC_Start_DMA                        0x08002291   Thumb Code   300  stm32f7xx_hal_adc.o(i.HAL_ADC_Start_DMA)
    HAL_DMA2D_ConfigLayer                    0x080023d9   Thumb Code   228  stm32f7xx_hal_dma2d.o(i.HAL_DMA2D_ConfigLayer)
    HAL_DMA2D_Init                           0x080024c1   Thumb Code    96  stm32f7xx_hal_dma2d.o(i.HAL_DMA2D_Init)
    HAL_DMA2D_MspInit                        0x08002521   Thumb Code     2  stm32f7xx_hal_dma2d.o(i.HAL_DMA2D_MspInit)
    HAL_DMA2D_PollForTransfer                0x08002523   Thumb Code   360  stm32f7xx_hal_dma2d.o(i.HAL_DMA2D_PollForTransfer)
    HAL_DMA2D_Start                          0x0800268b   Thumb Code    78  stm32f7xx_hal_dma2d.o(i.HAL_DMA2D_Start)
    HAL_DMA_Abort_IT                         0x080026d9   Thumb Code    40  stm32f7xx_hal_dma.o(i.HAL_DMA_Abort_IT)
    HAL_DMA_DeInit                           0x08002701   Thumb Code    98  stm32f7xx_hal_dma.o(i.HAL_DMA_DeInit)
    HAL_DMA_IRQHandler                       0x08002765   Thumb Code   574  stm32f7xx_hal_dma.o(i.HAL_DMA_IRQHandler)
    HAL_DMA_Init                             0x080029ad   Thumb Code   228  stm32f7xx_hal_dma.o(i.HAL_DMA_Init)
    HAL_DMA_Start_IT                         0x08002a95   Thumb Code   158  stm32f7xx_hal_dma.o(i.HAL_DMA_Start_IT)
    HAL_Delay                                0x08002b33   Thumb Code    26  stm32f7xx_hal.o(i.HAL_Delay)
    HAL_GPIO_DeInit                          0x08002b4d   Thumb Code   336  stm32f7xx_hal_gpio.o(i.HAL_GPIO_DeInit)
    HAL_GPIO_EXTI_Callback                   0x08002ccd   Thumb Code    66  main.o(i.HAL_GPIO_EXTI_Callback)
    HAL_GPIO_EXTI_IRQHandler                 0x08002d19   Thumb Code    24  stm32f7xx_hal_gpio.o(i.HAL_GPIO_EXTI_IRQHandler)
    HAL_GPIO_Init                            0x08002d35   Thumb Code   484  stm32f7xx_hal_gpio.o(i.HAL_GPIO_Init)
    HAL_GPIO_WritePin                        0x08002f4d   Thumb Code    12  stm32f7xx_hal_gpio.o(i.HAL_GPIO_WritePin)
    HAL_GetTick                              0x08002f59   Thumb Code     6  stm32f7xx_hal.o(i.HAL_GetTick)
    HAL_I2C_DeInit                           0x08002f65   Thumb Code    60  stm32f7xx_hal_i2c.o(i.HAL_I2C_DeInit)
    HAL_I2C_GetState                         0x08002fa1   Thumb Code     8  stm32f7xx_hal_i2c.o(i.HAL_I2C_GetState)
    HAL_I2C_Init                             0x08002fa9   Thumb Code   184  stm32f7xx_hal_i2c.o(i.HAL_I2C_Init)
    HAL_I2C_Master_Transmit                  0x08003065   Thumb Code   368  stm32f7xx_hal_i2c.o(i.HAL_I2C_Master_Transmit)
    HAL_I2C_Mem_Read                         0x080031d9   Thumb Code   438  stm32f7xx_hal_i2c.o(i.HAL_I2C_Mem_Read)
    HAL_I2C_Mem_Write                        0x08003395   Thumb Code   436  stm32f7xx_hal_i2c.o(i.HAL_I2C_Mem_Write)
    HAL_I2C_MspDeInit                        0x0800354d   Thumb Code    42  stm32f7xx_hal_msp.o(i.HAL_I2C_MspDeInit)
    HAL_I2C_MspInit                          0x08003585   Thumb Code   142  stm32f7xx_hal_msp.o(i.HAL_I2C_MspInit)
    HAL_IncTick                              0x08003629   Thumb Code    12  stm32f7xx_hal.o(i.HAL_IncTick)
    HAL_Init                                 0x08003639   Thumb Code    22  stm32f7xx_hal.o(i.HAL_Init)
    HAL_InitTick                             0x08003651   Thumb Code    36  stm32f7xx_hal.o(i.HAL_InitTick)
    HAL_LTDC_ConfigLayer                     0x08003679   Thumb Code    94  stm32f7xx_hal_ltdc.o(i.HAL_LTDC_ConfigLayer)
    HAL_LTDC_GetState                        0x080036d7   Thumb Code     8  stm32f7xx_hal_ltdc.o(i.HAL_LTDC_GetState)
    HAL_LTDC_Init                            0x080036e1   Thumb Code   290  stm32f7xx_hal_ltdc.o(i.HAL_LTDC_Init)
    HAL_LTDC_MspInit                         0x08003809   Thumb Code   182  stm32f7xx_hal_msp.o(i.HAL_LTDC_MspInit)
    HAL_LTDC_SetAlpha                        0x080038dd   Thumb Code    92  stm32f7xx_hal_ltdc.o(i.HAL_LTDC_SetAlpha)
    HAL_MspInit                              0x08003939   Thumb Code    86  stm32f7xx_hal_msp.o(i.HAL_MspInit)
    HAL_NVIC_EnableIRQ                       0x0800398f   Thumb Code    26  stm32f7xx_hal_cortex.o(i.HAL_NVIC_EnableIRQ)
    HAL_NVIC_SetPriority                     0x080039a9   Thumb Code   124  stm32f7xx_hal_cortex.o(i.HAL_NVIC_SetPriority)
    HAL_NVIC_SetPriorityGrouping             0x08003a25   Thumb Code    32  stm32f7xx_hal_cortex.o(i.HAL_NVIC_SetPriorityGrouping)
    HAL_RCCEx_PeriphCLKConfig                0x08003a4d   Thumb Code  2322  stm32f7xx_hal_rcc_ex.o(i.HAL_RCCEx_PeriphCLKConfig)
    HAL_RCC_ClockConfig                      0x08004365   Thumb Code   420  stm32f7xx_hal_rcc.o(i.HAL_RCC_ClockConfig)
    HAL_RCC_GetHCLKFreq                      0x08004519   Thumb Code     6  stm32f7xx_hal_rcc.o(i.HAL_RCC_GetHCLKFreq)
    HAL_RCC_GetPCLK1Freq                     0x08004525   Thumb Code    36  stm32f7xx_hal_rcc.o(i.HAL_RCC_GetPCLK1Freq)
    HAL_RCC_GetPCLK2Freq                     0x08004551   Thumb Code    36  stm32f7xx_hal_rcc.o(i.HAL_RCC_GetPCLK2Freq)
    HAL_RCC_GetSysClockFreq                  0x0800457d   Thumb Code   168  stm32f7xx_hal_rcc.o(i.HAL_RCC_GetSysClockFreq)
    HAL_RCC_OscConfig                        0x08004631   Thumb Code  1210  stm32f7xx_hal_rcc.o(i.HAL_RCC_OscConfig)
    HAL_SDRAM_Init                           0x08004af1   Thumb Code    64  stm32f7xx_hal_sdram.o(i.HAL_SDRAM_Init)
    HAL_SDRAM_MspInit                        0x08004b31   Thumb Code     2  stm32f7xx_hal_sdram.o(i.HAL_SDRAM_MspInit)
    HAL_SDRAM_ProgramRefreshRate             0x08004b33   Thumb Code    40  stm32f7xx_hal_sdram.o(i.HAL_SDRAM_ProgramRefreshRate)
    HAL_SDRAM_SendCommand                    0x08004b5b   Thumb Code    58  stm32f7xx_hal_sdram.o(i.HAL_SDRAM_SendCommand)
    HAL_SYSTICK_CLKSourceConfig              0x08004b95   Thumb Code    40  stm32f7xx_hal_cortex.o(i.HAL_SYSTICK_CLKSourceConfig)
    HAL_SYSTICK_Callback                     0x08004bbd   Thumb Code     2  stm32f7xx_hal_cortex.o(i.HAL_SYSTICK_Callback)
    HAL_SYSTICK_Config                       0x08004bbf   Thumb Code    52  stm32f7xx_hal_cortex.o(i.HAL_SYSTICK_Config)
    HAL_SYSTICK_IRQHandler                   0x08004bf3   Thumb Code     8  stm32f7xx_hal_cortex.o(i.HAL_SYSTICK_IRQHandler)
    HAL_TIMEx_BreakCallback                  0x08004bfb   Thumb Code     2  stm32f7xx_hal_tim_ex.o(i.HAL_TIMEx_BreakCallback)
    HAL_TIMEx_CommutationCallback            0x08004bfd   Thumb Code     2  stm32f7xx_hal_tim_ex.o(i.HAL_TIMEx_CommutationCallback)
    HAL_TIMEx_MasterConfigSynchronization    0x08004c01   Thumb Code    98  stm32f7xx_hal_tim_ex.o(i.HAL_TIMEx_MasterConfigSynchronization)
    HAL_TIM_Base_Init                        0x08004c6d   Thumb Code    46  stm32f7xx_hal_tim.o(i.HAL_TIM_Base_Init)
    HAL_TIM_Base_MspInit                     0x08004c9d   Thumb Code   148  stm32f7xx_hal_msp.o(i.HAL_TIM_Base_MspInit)
    HAL_TIM_Base_Start_IT                    0x08004d41   Thumb Code    30  stm32f7xx_hal_tim.o(i.HAL_TIM_Base_Start_IT)
    HAL_TIM_ConfigClockSource                0x08004d61   Thumb Code   308  stm32f7xx_hal_tim.o(i.HAL_TIM_ConfigClockSource)
    HAL_TIM_IC_CaptureCallback               0x08004e99   Thumb Code     2  stm32f7xx_hal_tim.o(i.HAL_TIM_IC_CaptureCallback)
    HAL_TIM_IRQHandler                       0x08004e9b   Thumb Code   440  stm32f7xx_hal_tim.o(i.HAL_TIM_IRQHandler)
    HAL_TIM_OC_DelayElapsedCallback          0x08005053   Thumb Code     2  stm32f7xx_hal_tim.o(i.HAL_TIM_OC_DelayElapsedCallback)
    HAL_TIM_PWM_PulseFinishedCallback        0x08005055   Thumb Code     2  stm32f7xx_hal_tim.o(i.HAL_TIM_PWM_PulseFinishedCallback)
    HAL_TIM_PeriodElapsedCallback            0x08005059   Thumb Code   436  main.o(i.HAL_TIM_PeriodElapsedCallback)
    HAL_TIM_TriggerCallback                  0x08005281   Thumb Code     2  stm32f7xx_hal_tim.o(i.HAL_TIM_TriggerCallback)
    HAL_UART_DeInit                          0x08005283   Thumb Code    72  stm32f7xx_hal_uart.o(i.HAL_UART_DeInit)
    HAL_UART_ErrorCallback                   0x080052cb   Thumb Code     2  stm32f7xx_hal_uart.o(i.HAL_UART_ErrorCallback)
    HAL_UART_GetState                        0x080052cd   Thumb Code    20  stm32f7xx_hal_uart.o(i.HAL_UART_GetState)
    HAL_UART_IRQHandler                      0x080052e1   Thumb Code   344  stm32f7xx_hal_uart.o(i.HAL_UART_IRQHandler)
    HAL_UART_Init                            0x0800543d   Thumb Code   120  stm32f7xx_hal_uart.o(i.HAL_UART_Init)
    HAL_UART_MspDeInit                       0x080054b5   Thumb Code    44  stm32f7xx_hal_msp.o(i.HAL_UART_MspDeInit)
    HAL_UART_MspInit                         0x080054ed   Thumb Code   140  stm32f7xx_hal_msp.o(i.HAL_UART_MspInit)
    HAL_UART_RxCpltCallback                  0x08005585   Thumb Code     2  stm32f7xx_hal_uart.o(i.HAL_UART_RxCpltCallback)
    HAL_UART_Transmit_IT                     0x08005587   Thumb Code    90  stm32f7xx_hal_uart.o(i.HAL_UART_Transmit_IT)
    HAL_UART_TxCpltCallback                  0x080055e1   Thumb Code     2  stm32f7xx_hal_uart.o(i.HAL_UART_TxCpltCallback)
    PID_get_control                          0x080068e1   Thumb Code   234  pid.o(i.PID_get_control)
    PID_init                                 0x080069f9   Thumb Code     2  pid.o(i.PID_init)
    SysTick_Handler                          0x080069fb   Thumb Code    12  stm32f7xx_it.o(i.SysTick_Handler)
    SystemClock_Config                       0x08006a07   Thumb Code   170  main.o(i.SystemClock_Config)
    SystemInit                               0x08006ab1   Thumb Code    82  system_stm32f7xx.o(i.SystemInit)
    TIM2_IRQHandler                          0x08006b15   Thumb Code    10  stm32f7xx_it.o(i.TIM2_IRQHandler)
    TIM3_IRQHandler                          0x08006b25   Thumb Code    10  stm32f7xx_it.o(i.TIM3_IRQHandler)
    TIM4_IRQHandler                          0x08006b35   Thumb Code    10  stm32f7xx_it.o(i.TIM4_IRQHandler)
    TIM5_IRQHandler                          0x08006b45   Thumb Code    10  stm32f7xx_it.o(i.TIM5_IRQHandler)
    TIM_Base_SetConfig                       0x08006b55   Thumb Code   184  stm32f7xx_hal_tim.o(i.TIM_Base_SetConfig)
    TIM_ETR_SetConfig                        0x08006c39   Thumb Code    24  stm32f7xx_hal_tim.o(i.TIM_ETR_SetConfig)
    TS_IO_Delay                              0x08006cbb   Thumb Code    12  stm32746g_discovery.o(i.TS_IO_Delay)
    TS_IO_Init                               0x08006cc9   Thumb Code    10  stm32746g_discovery.o(i.TS_IO_Init)
    TS_IO_Read                               0x08006cd9   Thumb Code    36  stm32746g_discovery.o(i.TS_IO_Read)
    TS_IO_Write                              0x08006d01   Thumb Code    32  stm32746g_discovery.o(i.TS_IO_Write)
    UART_AdvFeatureConfig                    0x08006d25   Thumb Code   234  stm32f7xx_hal_uart.o(i.UART_AdvFeatureConfig)
    UART_CheckIdleState                      0x08006e0f   Thumb Code   116  stm32f7xx_hal_uart.o(i.UART_CheckIdleState)
    UART_SetConfig                           0x08006f65   Thumb Code   858  stm32f7xx_hal_uart.o(i.UART_SetConfig)
    UART_WaitOnFlagUntilTimeout              0x0800735b   Thumb Code   108  stm32f7xx_hal_uart.o(i.UART_WaitOnFlagUntilTimeout)
    USART1_IRQHandler                        0x080073c9   Thumb Code    10  stm32f7xx_it.o(i.USART1_IRQHandler)
    __0sprintf                               0x080073d9   Thumb Code    34  printfa.o(i.__0sprintf)
    __1sprintf                               0x080073d9   Thumb Code     0  printfa.o(i.__0sprintf)
    __2sprintf                               0x080073d9   Thumb Code     0  printfa.o(i.__0sprintf)
    __c89sprintf                             0x080073d9   Thumb Code     0  printfa.o(i.__0sprintf)
    sprintf                                  0x080073d9   Thumb Code     0  printfa.o(i.__0sprintf)
    __scatterload_copy                       0x08007401   Thumb Code    14  handlers.o(i.__scatterload_copy)
    __scatterload_null                       0x0800740f   Thumb Code     2  handlers.o(i.__scatterload_null)
    __scatterload_zeroinit                   0x08007411   Thumb Code    14  handlers.o(i.__scatterload_zeroinit)
    free                                     0x08007ce1   Thumb Code    76  malloc.o(i.free)
    ft5336_Init                              0x08007d55   Thumb Code    16  ft5336.o(i.ft5336_Init)
    ft5336_ReadID                            0x08007d65   Thumb Code    58  ft5336.o(i.ft5336_ReadID)
    ft5336_Reset                             0x08007d9f   Thumb Code     2  ft5336.o(i.ft5336_Reset)
    ft5336_TS_ClearIT                        0x08007da1   Thumb Code     2  ft5336.o(i.ft5336_TS_ClearIT)
    ft5336_TS_DetectTouch                    0x08007da9   Thumb Code    58  ft5336.o(i.ft5336_TS_DetectTouch)
    ft5336_TS_DisableIT                      0x08007de9   Thumb Code    20  ft5336.o(i.ft5336_TS_DisableIT)
    ft5336_TS_EnableIT                       0x08007dfd   Thumb Code    20  ft5336.o(i.ft5336_TS_EnableIT)
    ft5336_TS_GetGestureID                   0x08007e11   Thumb Code    28  ft5336.o(i.ft5336_TS_GetGestureID)
    ft5336_TS_GetTouchInfo                   0x08007e2d   Thumb Code   258  ft5336.o(i.ft5336_TS_GetTouchInfo)
    ft5336_TS_GetXY                          0x08007f35   Thumb Code   346  ft5336.o(i.ft5336_TS_GetXY)
    ft5336_TS_ITStatus                       0x08008099   Thumb Code     6  ft5336.o(i.ft5336_TS_ITStatus)
    ft5336_TS_Start                          0x0800809f   Thumb Code    22  ft5336.o(i.ft5336_TS_Start)
    main                                     0x080080b5   Thumb Code   278  main.o(i.main)
    malloc                                   0x080081f9   Thumb Code    92  malloc.o(i.malloc)
    mat_get                                  0x08008265   Thumb Code    56  mat_lib.o(i.mat_get)
    mat_move_down                            0x080082ad   Thumb Code   116  mat_lib.o(i.mat_move_down)
    mat_mul                                  0x08008321   Thumb Code   170  mat_lib.o(i.mat_mul)
    mat_set                                  0x080083ed   Thumb Code    64  mat_lib.o(i.mat_set)
    updateControlSignalValue                 0x0800843d   Thumb Code    34  main.o(i.updateControlSignalValue)
    AHBPrescTable                            0x08008470   Data          16  system_stm32f7xx.o(.constdata)
    APBPrescTable                            0x08008480   Data           8  system_stm32f7xx.o(.constdata)
    GPIO_PIN                                 0x08008488   Data           4  stm32746g_discovery.o(.constdata)
    BUTTON_PIN                               0x0800848c   Data           6  stm32746g_discovery.o(.constdata)
    BUTTON_IRQn                              0x08008492   Data           6  stm32746g_discovery.o(.constdata)
    COM_TX_PIN                               0x08008498   Data           2  stm32746g_discovery.o(.constdata)
    COM_RX_PIN                               0x0800849a   Data           2  stm32746g_discovery.o(.constdata)
    COM_TX_AF                                0x0800849c   Data           2  stm32746g_discovery.o(.constdata)
    COM_RX_AF                                0x0800849e   Data           2  stm32746g_discovery.o(.constdata)
    Font24_Table                             0x080084a0   Data        6840  stm32746g_discovery_lcd.o(.constdata)
    Font20_Table                             0x08009f58   Data        3800  stm32746g_discovery_lcd.o(.constdata)
    Font16_Table                             0x0800ae30   Data        3040  stm32746g_discovery_lcd.o(.constdata)
    Font12_Table                             0x0800ba10   Data        1140  stm32746g_discovery_lcd.o(.constdata)
    Font8_Table                              0x0800be84   Data         760  stm32746g_discovery_lcd.o(.constdata)
    Region$$Table$$Base                      0x0800c17c   Number         0  anon$$obj.o(Region$$Table)
    Region$$Table$$Limit                     0x0800c19c   Number         0  anon$$obj.o(Region$$Table)
    uwTick                                   0x20000000   Data           4  stm32f7xx_hal.o(.data)
    DMC_D                                    0x20000004   Data           1  main.o(.data)
    DMC_N                                    0x20000005   Data           1  main.o(.data)
    DMC_Nu                                   0x20000006   Data           1  main.o(.data)
    DMC_lambda                               0x20000008   Data           4  main.o(.data)
    DMC_Ke                                   0x2000000c   Data           4  main.o(.data)
    DMC_Ku                                   0x20000010   Data          68  main.o(.data)
    y_zad                                    0x20000054   Data           4  main.o(.data)
    y_zad_tab                                0x20000058   Data          12  main.o(.data)
    button_touch                             0x20000064   Data           1  main.o(.data)
    button_touch_past                        0x20000065   Data           1  main.o(.data)
    pid                                      0x20000066   Data           1  main.o(.data)
    input                                    0x20000068   Data           4  main.o(.data)
    output                                   0x2000006c   Data           4  main.o(.data)
    SystemCoreClock                          0x20000090   Data           4  system_stm32f7xx.o(.data)
    BUTTON_PORT                              0x20000094   Data          12  stm32746g_discovery.o(.data)
    COM_USART                                0x200000a0   Data           4  stm32746g_discovery.o(.data)
    COM_TX_PORT                              0x200000a4   Data           4  stm32746g_discovery.o(.data)
    COM_RX_PORT                              0x200000a8   Data           4  stm32746g_discovery.o(.data)
    Font24                                   0x200000ac   Data           8  stm32746g_discovery_lcd.o(.data)
    Font20                                   0x200000b4   Data           8  stm32746g_discovery_lcd.o(.data)
    Font16                                   0x200000bc   Data           8  stm32746g_discovery_lcd.o(.data)
    Font12                                   0x200000c4   Data           8  stm32746g_discovery_lcd.o(.data)
    Font8                                    0x200000cc   Data           8  stm32746g_discovery_lcd.o(.data)
    ft5336_ts_drv                            0x200000e8   Data          40  ft5336.o(.data)
    __microlib_freelist                      0x20000118   Data           4  mvars.o(.data)
    __microlib_freelist_initialised          0x2000011c   Data           4  mvars.o(.data)
    hadc3                                    0x20000120   Data          72  main.o(.bss)
    hdma_adc3                                0x20000168   Data          96  main.o(.bss)
    hi2c1                                    0x200001c8   Data          76  main.o(.bss)
    hdma_i2c1_tx                             0x20000214   Data          96  main.o(.bss)
    hltdc                                    0x20000274   Data         168  main.o(.bss)
    htim2                                    0x2000031c   Data          60  main.o(.bss)
    htim3                                    0x20000358   Data          60  main.o(.bss)
    htim4                                    0x20000394   Data          60  main.o(.bss)
    htim5                                    0x200003d0   Data          60  main.o(.bss)
    huart                                    0x2000040c   Data         112  main.o(.bss)
    TS_State                                 0x2000047c   Data          44  main.o(.bss)
    dmc                                      0x200004a8   Data          20  main.o(.bss)
    uhADCxConvertedValue                     0x200004bc   Data         400  main.o(.bss)
    text                                     0x2000064c   Data         100  main.o(.bss)
    hLtdcHandler                             0x20000748   Data         168  stm32746g_discovery_lcd.o(.bss)
    sdramHandle                              0x200008cc   Data          52  stm32746g_discovery_sdram.o(.bss)
    __heap_base                              0x20000a18   Data           0  startup_stm32f746xx.o(HEAP)
    __heap_limit                             0x20000c18   Data           0  startup_stm32f746xx.o(HEAP)
    __initial_sp                             0x20001018   Data           0  startup_stm32f746xx.o(STACK)



==============================================================================

Memory Map of the image

  Image Entry point : 0x080001c9

  Load Region LR_IROM1 (Base: 0x08000000, Size: 0x0000c2bc, Max: 0x00100000, ABSOLUTE)

    Execution Region ER_IROM1 (Exec base: 0x08000000, Load base: 0x08000000, Size: 0x0000c19c, Max: 0x00100000, ABSOLUTE)

    Exec Addr    Load Addr    Size         Type   Attr      Idx    E Section Name        Object

    0x08000000   0x08000000   0x000001c8   Data   RO            3    RESET               startup_stm32f746xx.o
    0x080001c8   0x080001c8   0x00000000   Code   RO         5296  * .ARM.Collect$$$$00000000  mc_w.l(entry.o)
    0x080001c8   0x080001c8   0x00000004   Code   RO         5602    .ARM.Collect$$$$00000001  mc_w.l(entry2.o)
    0x080001cc   0x080001cc   0x00000004   Code   RO         5605    .ARM.Collect$$$$00000004  mc_w.l(entry5.o)
    0x080001d0   0x080001d0   0x00000000   Code   RO         5607    .ARM.Collect$$$$00000008  mc_w.l(entry7b.o)
    0x080001d0   0x080001d0   0x00000000   Code   RO         5609    .ARM.Collect$$$$0000000A  mc_w.l(entry8b.o)
    0x080001d0   0x080001d0   0x00000008   Code   RO         5610    .ARM.Collect$$$$0000000B  mc_w.l(entry9a.o)
    0x080001d8   0x080001d8   0x00000000   Code   RO         5612    .ARM.Collect$$$$0000000D  mc_w.l(entry10a.o)
    0x080001d8   0x080001d8   0x00000000   Code   RO         5614    .ARM.Collect$$$$0000000F  mc_w.l(entry11a.o)
    0x080001d8   0x080001d8   0x00000004   Code   RO         5603    .ARM.Collect$$$$00002712  mc_w.l(entry2.o)
    0x080001dc   0x080001dc   0x00000024   Code   RO            4    .text               startup_stm32f746xx.o
    0x08000200   0x08000200   0x00000024   Code   RO         5299    .text               mc_w.l(memcpya.o)
    0x08000224   0x08000224   0x0000014e   Code   RO         5592    .text               mf_w.l(dadd.o)
    0x08000372   0x08000372   0x000000e4   Code   RO         5594    .text               mf_w.l(dmul.o)
    0x08000456   0x08000456   0x000000de   Code   RO         5596    .text               mf_w.l(ddiv.o)
    0x08000534   0x08000534   0x00000026   Code   RO         5598    .text               mf_w.l(f2d.o)
    0x0800055a   0x0800055a   0x00000038   Code   RO         5600    .text               mf_w.l(d2f.o)
    0x08000592   0x08000592   0x0000002c   Code   RO         5619    .text               mc_w.l(uidiv.o)
    0x080005be   0x080005be   0x00000062   Code   RO         5621    .text               mc_w.l(uldiv.o)
    0x08000620   0x08000620   0x0000001e   Code   RO         5623    .text               mc_w.l(llshl.o)
    0x0800063e   0x0800063e   0x00000024   Code   RO         5625    .text               mc_w.l(llsshr.o)
    0x08000662   0x08000662   0x00000000   Code   RO         5629    .text               mc_w.l(iusefp.o)
    0x08000662   0x08000662   0x0000006e   Code   RO         5630    .text               mf_w.l(fepilogue.o)
    0x080006d0   0x080006d0   0x000000ba   Code   RO         5632    .text               mf_w.l(depilogue.o)
    0x0800078a   0x0800078a   0x00000030   Code   RO         5634    .text               mf_w.l(dfixul.o)
    0x080007ba   0x080007ba   0x00000002   PAD
    0x080007bc   0x080007bc   0x00000030   Code   RO         5636    .text               mf_w.l(cdrcmple.o)
    0x080007ec   0x080007ec   0x00000024   Code   RO         5638    .text               mc_w.l(init.o)
    0x08000810   0x08000810   0x00000020   Code   RO         5641    .text               mc_w.l(llushr.o)
    0x08000830   0x08000830   0x0000006e   Code   RO         2832    i.ADC_DMAConvCplt   stm32f7xx_hal_adc.o
    0x0800089e   0x0800089e   0x0000001a   Code   RO         2833    i.ADC_DMAError      stm32f7xx_hal_adc.o
    0x080008b8   0x080008b8   0x0000000e   Code   RO         2834    i.ADC_DMAHalfConvCplt  stm32f7xx_hal_adc.o
    0x080008c6   0x080008c6   0x00000002   PAD
    0x080008c8   0x080008c8   0x00000178   Code   RO         2835    i.ADC_Init          stm32f7xx_hal_adc.o
    0x08000a40   0x08000a40   0x00000040   Code   RO         4577    i.BSP_LCD_Clear     stm32746g_discovery_lcd.o
    0x08000a80   0x08000a80   0x0000002c   Code   RO         4579    i.BSP_LCD_ClockConfig  stm32746g_discovery_lcd.o
    0x08000aac   0x08000aac   0x00000068   Code   RO         4581    i.BSP_LCD_DisplayChar  stm32746g_discovery_lcd.o
    0x08000b14   0x08000b14   0x00000034   Code   RO         4583    i.BSP_LCD_DisplayOn  stm32746g_discovery_lcd.o
    0x08000b48   0x08000b48   0x00000128   Code   RO         4584    i.BSP_LCD_DisplayStringAt  stm32746g_discovery_lcd.o
    0x08000c70   0x08000c70   0x0000001e   Code   RO         4585    i.BSP_LCD_DisplayStringAtLine  stm32746g_discovery_lcd.o
    0x08000c8e   0x08000c8e   0x00000002   PAD
    0x08000c90   0x08000c90   0x0000006c   Code   RO         4591    i.BSP_LCD_DrawPixel  stm32746g_discovery_lcd.o
    0x08000cfc   0x08000cfc   0x0000001c   Code   RO         4600    i.BSP_LCD_GetFont   stm32746g_discovery_lcd.o
    0x08000d18   0x08000d18   0x00000020   Code   RO         4602    i.BSP_LCD_GetXSize  stm32746g_discovery_lcd.o
    0x08000d38   0x08000d38   0x00000020   Code   RO         4603    i.BSP_LCD_GetYSize  stm32746g_discovery_lcd.o
    0x08000d58   0x08000d58   0x000000b0   Code   RO         4604    i.BSP_LCD_Init      stm32746g_discovery_lcd.o
    0x08000e08   0x08000e08   0x00000090   Code   RO         4605    i.BSP_LCD_LayerDefaultInit  stm32746g_discovery_lcd.o
    0x08000e98   0x08000e98   0x000001ac   Code   RO         4608    i.BSP_LCD_MspInit   stm32746g_discovery_lcd.o
    0x08001044   0x08001044   0x0000000c   Code   RO         4613    i.BSP_LCD_SelectLayer  stm32746g_discovery_lcd.o
    0x08001050   0x08001050   0x0000001c   Code   RO         4617    i.BSP_LCD_SetFont   stm32746g_discovery_lcd.o
    0x0800106c   0x0800106c   0x00000018   Code   RO         4625    i.BSP_LCD_SetTransparency  stm32746g_discovery_lcd.o
    0x08001084   0x08001084   0x00000060   Code   RO         4365    i.BSP_LED_Init      stm32746g_discovery.o
    0x080010e4   0x080010e4   0x00000024   Code   RO         4367    i.BSP_LED_On        stm32746g_discovery.o
    0x08001108   0x08001108   0x000000ec   Code   RO         4371    i.BSP_PB_Init       stm32746g_discovery.o
    0x080011f4   0x080011f4   0x0000008c   Code   RO         4954    i.BSP_SDRAM_Init    stm32746g_discovery_sdram.o
    0x08001280   0x08001280   0x00000098   Code   RO         4955    i.BSP_SDRAM_Initialization_sequence  stm32746g_discovery_sdram.o
    0x08001318   0x08001318   0x000001c8   Code   RO         4957    i.BSP_SDRAM_MspInit  stm32746g_discovery_sdram.o
    0x080014e0   0x080014e0   0x0000022c   Code   RO         5036    i.BSP_TS_GetState   stm32746g_discovery_ts.o
    0x0800170c   0x0800170c   0x00000070   Code   RO         5037    i.BSP_TS_Get_GestureId  stm32746g_discovery_ts.o
    0x0800177c   0x0800177c   0x00000050   Code   RO         5039    i.BSP_TS_ITConfig   stm32746g_discovery_ts.o
    0x080017cc   0x080017cc   0x00000064   Code   RO         5041    i.BSP_TS_Init       stm32746g_discovery_ts.o
    0x08001830   0x08001830   0x00000010   Code   RO         4115    i.DMA1_Stream6_IRQHandler  stm32f7xx_it.o
    0x08001840   0x08001840   0x00000108   Code   RO         3751    i.DMA2D_SetConfig   stm32f7xx_hal_dma2d.o
    0x08001948   0x08001948   0x00000010   Code   RO         4116    i.DMA2_Stream0_IRQHandler  stm32f7xx_it.o
    0x08001958   0x08001958   0x00000034   Code   RO         2310    i.DMA_CalcBaseAndBitshift  stm32f7xx_hal_dma.o
    0x0800198c   0x0800198c   0x000000ba   Code   RO         2311    i.DMA_CheckFifoParam  stm32f7xx_hal_dma.o
    0x08001a46   0x08001a46   0x0000002c   Code   RO         2312    i.DMA_SetConfig     stm32f7xx_hal_dma.o
    0x08001a72   0x08001a72   0x000000be   Code   RO         4273    i.DMC_get_control   dmc.o
    0x08001b30   0x08001b30   0x00000074   Code   RO         4274    i.DMC_init          dmc.o
    0x08001ba4   0x08001ba4   0x00000104   Code   RO         4629    i.DrawChar          stm32746g_discovery_lcd.o
    0x08001ca8   0x08001ca8   0x00000014   Code   RO         4117    i.EXTI15_10_IRQHandler  stm32f7xx_it.o
    0x08001cbc   0x08001cbc   0x00000004   Code   RO         3948    i.Error_Handler     main.o
    0x08001cc0   0x08001cc0   0x00000074   Code   RO         3616    i.FMC_SDRAM_Init    stm32f7xx_ll_fmc.o
    0x08001d34   0x08001d34   0x0000000e   Code   RO         3617    i.FMC_SDRAM_ProgramRefreshRate  stm32f7xx_ll_fmc.o
    0x08001d42   0x08001d42   0x00000052   Code   RO         3618    i.FMC_SDRAM_SendCommand  stm32f7xx_ll_fmc.o
    0x08001d94   0x08001d94   0x0000009c   Code   RO         3620    i.FMC_SDRAM_Timing_Init  stm32f7xx_ll_fmc.o
    0x08001e30   0x08001e30   0x000001b4   Code   RO         2837    i.HAL_ADC_ConfigChannel  stm32f7xx_hal_adc.o
    0x08001fe4   0x08001fe4   0x00000054   Code   RO         3949    i.HAL_ADC_ConvCpltCallback  main.o
    0x08002038   0x08002038   0x00000002   Code   RO         2839    i.HAL_ADC_ConvHalfCpltCallback  stm32f7xx_hal_adc.o
    0x0800203a   0x0800203a   0x00000002   Code   RO         2841    i.HAL_ADC_ErrorCallback  stm32f7xx_hal_adc.o
    0x0800203c   0x0800203c   0x00000068   Code   RO         2846    i.HAL_ADC_Init      stm32f7xx_hal_adc.o
    0x080020a4   0x080020a4   0x000000ec   Code   RO         4192    i.HAL_ADC_MspInit   stm32f7xx_hal_msp.o
    0x08002190   0x08002190   0x00000100   Code   RO         2852    i.HAL_ADC_Start     stm32f7xx_hal_adc.o
    0x08002290   0x08002290   0x00000148   Code   RO         2853    i.HAL_ADC_Start_DMA  stm32f7xx_hal_adc.o
    0x080023d8   0x080023d8   0x000000e8   Code   RO         3763    i.HAL_DMA2D_ConfigLayer  stm32f7xx_hal_dma2d.o
    0x080024c0   0x080024c0   0x00000060   Code   RO         3771    i.HAL_DMA2D_Init    stm32f7xx_hal_dma2d.o
    0x08002520   0x08002520   0x00000002   Code   RO         3774    i.HAL_DMA2D_MspInit  stm32f7xx_hal_dma2d.o
    0x08002522   0x08002522   0x00000168   Code   RO         3775    i.HAL_DMA2D_PollForTransfer  stm32f7xx_hal_dma2d.o
    0x0800268a   0x0800268a   0x0000004e   Code   RO         3778    i.HAL_DMA2D_Start   stm32f7xx_hal_dma2d.o
    0x080026d8   0x080026d8   0x00000028   Code   RO         2314    i.HAL_DMA_Abort_IT  stm32f7xx_hal_dma.o
    0x08002700   0x08002700   0x00000062   Code   RO         2315    i.HAL_DMA_DeInit    stm32f7xx_hal_dma.o
    0x08002762   0x08002762   0x00000002   PAD
    0x08002764   0x08002764   0x00000248   Code   RO         2318    i.HAL_DMA_IRQHandler  stm32f7xx_hal_dma.o
    0x080029ac   0x080029ac   0x000000e8   Code   RO         2319    i.HAL_DMA_Init      stm32f7xx_hal_dma.o
    0x08002a94   0x08002a94   0x0000009e   Code   RO         2323    i.HAL_DMA_Start_IT  stm32f7xx_hal_dma.o
    0x08002b32   0x08002b32   0x0000001a   Code   RO         2680    i.HAL_Delay         stm32f7xx_hal.o
    0x08002b4c   0x08002b4c   0x00000180   Code   RO         2185    i.HAL_GPIO_DeInit   stm32f7xx_hal_gpio.o
    0x08002ccc   0x08002ccc   0x0000004c   Code   RO         3950    i.HAL_GPIO_EXTI_Callback  main.o
    0x08002d18   0x08002d18   0x0000001c   Code   RO         2187    i.HAL_GPIO_EXTI_IRQHandler  stm32f7xx_hal_gpio.o
    0x08002d34   0x08002d34   0x00000218   Code   RO         2188    i.HAL_GPIO_Init     stm32f7xx_hal_gpio.o
    0x08002f4c   0x08002f4c   0x0000000c   Code   RO         2192    i.HAL_GPIO_WritePin  stm32f7xx_hal_gpio.o
    0x08002f58   0x08002f58   0x0000000c   Code   RO         2688    i.HAL_GetTick       stm32f7xx_hal.o
    0x08002f64   0x08002f64   0x0000003c   Code   RO          490    i.HAL_I2C_DeInit    stm32f7xx_hal_i2c.o
    0x08002fa0   0x08002fa0   0x00000008   Code   RO          498    i.HAL_I2C_GetState  stm32f7xx_hal_i2c.o
    0x08002fa8   0x08002fa8   0x000000bc   Code   RO          499    i.HAL_I2C_Init      stm32f7xx_hal_i2c.o
    0x08003064   0x08003064   0x00000174   Code   RO          510    i.HAL_I2C_Master_Transmit  stm32f7xx_hal_i2c.o
    0x080031d8   0x080031d8   0x000001bc   Code   RO          515    i.HAL_I2C_Mem_Read  stm32f7xx_hal_i2c.o
    0x08003394   0x08003394   0x000001b8   Code   RO          518    i.HAL_I2C_Mem_Write  stm32f7xx_hal_i2c.o
    0x0800354c   0x0800354c   0x00000038   Code   RO         4193    i.HAL_I2C_MspDeInit  stm32f7xx_hal_msp.o
    0x08003584   0x08003584   0x000000a4   Code   RO         4194    i.HAL_I2C_MspInit   stm32f7xx_hal_msp.o
    0x08003628   0x08003628   0x00000010   Code   RO         2689    i.HAL_IncTick       stm32f7xx_hal.o
    0x08003638   0x08003638   0x00000016   Code   RO         2690    i.HAL_Init          stm32f7xx_hal.o
    0x0800364e   0x0800364e   0x00000002   PAD
    0x08003650   0x08003650   0x00000028   Code   RO         2691    i.HAL_InitTick      stm32f7xx_hal.o
    0x08003678   0x08003678   0x0000005e   Code   RO         2419    i.HAL_LTDC_ConfigLayer  stm32f7xx_hal_ltdc.o
    0x080036d6   0x080036d6   0x00000008   Code   RO         2434    i.HAL_LTDC_GetState  stm32f7xx_hal_ltdc.o
    0x080036de   0x080036de   0x00000002   PAD
    0x080036e0   0x080036e0   0x00000128   Code   RO         2436    i.HAL_LTDC_Init     stm32f7xx_hal_ltdc.o
    0x08003808   0x08003808   0x000000d4   Code   RO         4196    i.HAL_LTDC_MspInit  stm32f7xx_hal_msp.o
    0x080038dc   0x080038dc   0x0000005c   Code   RO         2445    i.HAL_LTDC_SetAlpha  stm32f7xx_hal_ltdc.o
    0x08003938   0x08003938   0x00000056   Code   RO         4197    i.HAL_MspInit       stm32f7xx_hal_msp.o
    0x0800398e   0x0800398e   0x0000001a   Code   RO           16    i.HAL_NVIC_EnableIRQ  stm32f7xx_hal_cortex.o
    0x080039a8   0x080039a8   0x0000007c   Code   RO           22    i.HAL_NVIC_SetPriority  stm32f7xx_hal_cortex.o
    0x08003a24   0x08003a24   0x00000028   Code   RO           23    i.HAL_NVIC_SetPriorityGrouping  stm32f7xx_hal_cortex.o
    0x08003a4c   0x08003a4c   0x00000918   Code   RO         3122    i.HAL_RCCEx_PeriphCLKConfig  stm32f7xx_hal_rcc_ex.o
    0x08004364   0x08004364   0x000001b4   Code   RO         2084    i.HAL_RCC_ClockConfig  stm32f7xx_hal_rcc.o
    0x08004518   0x08004518   0x0000000c   Code   RO         2089    i.HAL_RCC_GetHCLKFreq  stm32f7xx_hal_rcc.o
    0x08004524   0x08004524   0x0000002c   Code   RO         2091    i.HAL_RCC_GetPCLK1Freq  stm32f7xx_hal_rcc.o
    0x08004550   0x08004550   0x0000002c   Code   RO         2092    i.HAL_RCC_GetPCLK2Freq  stm32f7xx_hal_rcc.o
    0x0800457c   0x0800457c   0x000000b4   Code   RO         2093    i.HAL_RCC_GetSysClockFreq  stm32f7xx_hal_rcc.o
    0x08004630   0x08004630   0x000004c0   Code   RO         2096    i.HAL_RCC_OscConfig  stm32f7xx_hal_rcc.o
    0x08004af0   0x08004af0   0x00000040   Code   RO         3162    i.HAL_SDRAM_Init    stm32f7xx_hal_sdram.o
    0x08004b30   0x08004b30   0x00000002   Code   RO         3164    i.HAL_SDRAM_MspInit  stm32f7xx_hal_sdram.o
    0x08004b32   0x08004b32   0x00000028   Code   RO         3165    i.HAL_SDRAM_ProgramRefreshRate  stm32f7xx_hal_sdram.o
    0x08004b5a   0x08004b5a   0x0000003a   Code   RO         3171    i.HAL_SDRAM_SendCommand  stm32f7xx_hal_sdram.o
    0x08004b94   0x08004b94   0x00000028   Code   RO           25    i.HAL_SYSTICK_CLKSourceConfig  stm32f7xx_hal_cortex.o
    0x08004bbc   0x08004bbc   0x00000002   Code   RO           26    i.HAL_SYSTICK_Callback  stm32f7xx_hal_cortex.o
    0x08004bbe   0x08004bbe   0x00000034   Code   RO           27    i.HAL_SYSTICK_Config  stm32f7xx_hal_cortex.o
    0x08004bf2   0x08004bf2   0x00000008   Code   RO           28    i.HAL_SYSTICK_IRQHandler  stm32f7xx_hal_cortex.o
    0x08004bfa   0x08004bfa   0x00000002   Code   RO          916    i.HAL_TIMEx_BreakCallback  stm32f7xx_hal_tim_ex.o
    0x08004bfc   0x08004bfc   0x00000002   Code   RO          917    i.HAL_TIMEx_CommutationCallback  stm32f7xx_hal_tim_ex.o
    0x08004bfe   0x08004bfe   0x00000002   PAD
    0x08004c00   0x08004c00   0x0000006c   Code   RO          934    i.HAL_TIMEx_MasterConfigSynchronization  stm32f7xx_hal_tim_ex.o
    0x08004c6c   0x08004c6c   0x0000002e   Code   RO         1422    i.HAL_TIM_Base_Init  stm32f7xx_hal_tim.o
    0x08004c9a   0x08004c9a   0x00000002   PAD
    0x08004c9c   0x08004c9c   0x000000a4   Code   RO         4199    i.HAL_TIM_Base_MspInit  stm32f7xx_hal_msp.o
    0x08004d40   0x08004d40   0x0000001e   Code   RO         1427    i.HAL_TIM_Base_Start_IT  stm32f7xx_hal_tim.o
    0x08004d5e   0x08004d5e   0x00000002   PAD
    0x08004d60   0x08004d60   0x00000138   Code   RO         1431    i.HAL_TIM_ConfigClockSource  stm32f7xx_hal_tim.o
    0x08004e98   0x08004e98   0x00000002   Code   RO         1451    i.HAL_TIM_IC_CaptureCallback  stm32f7xx_hal_tim.o
    0x08004e9a   0x08004e9a   0x000001b8   Code   RO         1464    i.HAL_TIM_IRQHandler  stm32f7xx_hal_tim.o
    0x08005052   0x08005052   0x00000002   Code   RO         1467    i.HAL_TIM_OC_DelayElapsedCallback  stm32f7xx_hal_tim.o
    0x08005054   0x08005054   0x00000002   Code   RO         1494    i.HAL_TIM_PWM_PulseFinishedCallback  stm32f7xx_hal_tim.o
    0x08005056   0x08005056   0x00000002   PAD
    0x08005058   0x08005058   0x00000228   Code   RO         3952    i.HAL_TIM_PeriodElapsedCallback  main.o
    0x08005280   0x08005280   0x00000002   Code   RO         1505    i.HAL_TIM_TriggerCallback  stm32f7xx_hal_tim.o
    0x08005282   0x08005282   0x00000048   Code   RO         3326    i.HAL_UART_DeInit   stm32f7xx_hal_uart.o
    0x080052ca   0x080052ca   0x00000002   Code   RO         3327    i.HAL_UART_ErrorCallback  stm32f7xx_hal_uart.o
    0x080052cc   0x080052cc   0x00000014   Code   RO         3329    i.HAL_UART_GetState  stm32f7xx_hal_uart.o
    0x080052e0   0x080052e0   0x0000015c   Code   RO         3330    i.HAL_UART_IRQHandler  stm32f7xx_hal_uart.o
    0x0800543c   0x0800543c   0x00000078   Code   RO         3331    i.HAL_UART_Init     stm32f7xx_hal_uart.o
    0x080054b4   0x080054b4   0x00000038   Code   RO         4200    i.HAL_UART_MspDeInit  stm32f7xx_hal_msp.o
    0x080054ec   0x080054ec   0x00000098   Code   RO         4201    i.HAL_UART_MspInit  stm32f7xx_hal_msp.o
    0x08005584   0x08005584   0x00000002   Code   RO         3337    i.HAL_UART_RxCpltCallback  stm32f7xx_hal_uart.o
    0x08005586   0x08005586   0x0000005a   Code   RO         3341    i.HAL_UART_Transmit_IT  stm32f7xx_hal_uart.o
    0x080055e0   0x080055e0   0x00000002   Code   RO         3342    i.HAL_UART_TxCpltCallback  stm32f7xx_hal_uart.o
    0x080055e2   0x080055e2   0x00000028   Code   RO          541    i.I2C_Flush_TXDR    stm32f7xx_hal_i2c.o
    0x0800560a   0x0800560a   0x00000002   PAD
    0x0800560c   0x0800560c   0x0000008c   Code   RO          549    i.I2C_IsAcknowledgeFailed  stm32f7xx_hal_i2c.o
    0x08005698   0x08005698   0x0000008c   Code   RO          552    i.I2C_RequestMemoryRead  stm32f7xx_hal_i2c.o
    0x08005724   0x08005724   0x0000008c   Code   RO          553    i.I2C_RequestMemoryWrite  stm32f7xx_hal_i2c.o
    0x080057b0   0x080057b0   0x00000030   Code   RO          556    i.I2C_TransferConfig  stm32f7xx_hal_i2c.o
    0x080057e0   0x080057e0   0x00000056   Code   RO          557    i.I2C_WaitOnFlagUntilTimeout  stm32f7xx_hal_i2c.o
    0x08005836   0x08005836   0x00000056   Code   RO          559    i.I2C_WaitOnSTOPFlagUntilTimeout  stm32f7xx_hal_i2c.o
    0x0800588c   0x0800588c   0x0000005a   Code   RO          560    i.I2C_WaitOnTXISFlagUntilTimeout  stm32f7xx_hal_i2c.o
    0x080058e6   0x080058e6   0x00000014   Code   RO         4380    i.I2Cx_Error        stm32746g_discovery.o
    0x080058fa   0x080058fa   0x00000002   PAD
    0x080058fc   0x080058fc   0x00000050   Code   RO         4381    i.I2Cx_Init         stm32746g_discovery.o
    0x0800594c   0x0800594c   0x00000164   Code   RO         4383    i.I2Cx_MspInit      stm32746g_discovery.o
    0x08005ab0   0x08005ab0   0x0000003a   Code   RO         4384    i.I2Cx_ReadMultiple  stm32746g_discovery.o
    0x08005aea   0x08005aea   0x0000003a   Code   RO         4385    i.I2Cx_WriteMultiple  stm32746g_discovery.o
    0x08005b24   0x08005b24   0x00000048   Code   RO         3953    i.LCD_Config        main.o
    0x08005b6c   0x08005b6c   0x00000088   Code   RO         4632    i.LL_FillBuffer     stm32746g_discovery_lcd.o
    0x08005bf4   0x08005bf4   0x00000212   Code   RO         2455    i.LTDC_SetConfig    stm32f7xx_hal_ltdc.o
    0x08005e06   0x08005e06   0x00000002   PAD
    0x08005e08   0x08005e08   0x0000005c   Code   RO         3954    i.MX_ADC3_Init      main.o
    0x08005e64   0x08005e64   0x00000034   Code   RO         3955    i.MX_DMA_Init       main.o
    0x08005e98   0x08005e98   0x000006fc   Code   RO         3956    i.MX_GPIO_Init      main.o
    0x08006594   0x08006594   0x0000003c   Code   RO         3957    i.MX_I2C1_Init      main.o
    0x080065d0   0x080065d0   0x000000a8   Code   RO         3958    i.MX_LTDC_Init      main.o
    0x08006678   0x08006678   0x00000078   Code   RO         3959    i.MX_TIM2_Init      main.o
    0x080066f0   0x080066f0   0x00000078   Code   RO         3960    i.MX_TIM3_Init      main.o
    0x08006768   0x08006768   0x0000007c   Code   RO         3961    i.MX_TIM4_Init      main.o
    0x080067e4   0x080067e4   0x0000007c   Code   RO         3962    i.MX_TIM5_Init      main.o
    0x08006860   0x08006860   0x00000048   Code   RO         3963    i.MX_UART_Init      main.o
    0x080068a8   0x080068a8   0x00000010   Code   RO           29    i.NVIC_GetPriorityGrouping  stm32f7xx_hal_cortex.o
    0x080068b8   0x080068b8   0x00000028   Code   RO           30    i.NVIC_SetPriority  stm32f7xx_hal_cortex.o
    0x080068e0   0x080068e0   0x00000118   Code   RO         4297    i.PID_get_control   pid.o
    0x080069f8   0x080069f8   0x00000002   Code   RO         4298    i.PID_init          pid.o
    0x080069fa   0x080069fa   0x0000000c   Code   RO         4118    i.SysTick_Handler   stm32f7xx_it.o
    0x08006a06   0x08006a06   0x000000aa   Code   RO         3964    i.SystemClock_Config  main.o
    0x08006ab0   0x08006ab0   0x00000064   Code   RO         4320    i.SystemInit        system_stm32f7xx.o
    0x08006b14   0x08006b14   0x00000010   Code   RO         4119    i.TIM2_IRQHandler   stm32f7xx_it.o
    0x08006b24   0x08006b24   0x00000010   Code   RO         4120    i.TIM3_IRQHandler   stm32f7xx_it.o
    0x08006b34   0x08006b34   0x00000010   Code   RO         4121    i.TIM4_IRQHandler   stm32f7xx_it.o
    0x08006b44   0x08006b44   0x00000010   Code   RO         4122    i.TIM5_IRQHandler   stm32f7xx_it.o
    0x08006b54   0x08006b54   0x000000e4   Code   RO         1506    i.TIM_Base_SetConfig  stm32f7xx_hal_tim.o
    0x08006c38   0x08006c38   0x00000018   Code   RO         1513    i.TIM_ETR_SetConfig  stm32f7xx_hal_tim.o
    0x08006c50   0x08006c50   0x00000014   Code   RO         1514    i.TIM_ITRx_SetConfig  stm32f7xx_hal_tim.o
    0x08006c64   0x08006c64   0x0000002a   Code   RO         1520    i.TIM_TI1_ConfigInputStage  stm32f7xx_hal_tim.o
    0x08006c8e   0x08006c8e   0x0000002c   Code   RO         1522    i.TIM_TI2_ConfigInputStage  stm32f7xx_hal_tim.o
    0x08006cba   0x08006cba   0x0000000c   Code   RO         4386    i.TS_IO_Delay       stm32746g_discovery.o
    0x08006cc6   0x08006cc6   0x00000002   PAD
    0x08006cc8   0x08006cc8   0x00000010   Code   RO         4387    i.TS_IO_Init        stm32746g_discovery.o
    0x08006cd8   0x08006cd8   0x00000028   Code   RO         4388    i.TS_IO_Read        stm32746g_discovery.o
    0x08006d00   0x08006d00   0x00000024   Code   RO         4389    i.TS_IO_Write       stm32746g_discovery.o
    0x08006d24   0x08006d24   0x000000ea   Code   RO         3344    i.UART_AdvFeatureConfig  stm32f7xx_hal_uart.o
    0x08006e0e   0x08006e0e   0x00000074   Code   RO         3345    i.UART_CheckIdleState  stm32f7xx_hal_uart.o
    0x08006e82   0x08006e82   0x00000018   Code   RO         3346    i.UART_DMAAbortOnError  stm32f7xx_hal_uart.o
    0x08006e9a   0x08006e9a   0x00000020   Code   RO         3352    i.UART_EndRxTransfer  stm32f7xx_hal_uart.o
    0x08006eba   0x08006eba   0x00000020   Code   RO         3353    i.UART_EndTransmit_IT  stm32f7xx_hal_uart.o
    0x08006eda   0x08006eda   0x00000088   Code   RO         3355    i.UART_Receive_IT   stm32f7xx_hal_uart.o
    0x08006f62   0x08006f62   0x00000002   PAD
    0x08006f64   0x08006f64   0x0000038c   Code   RO         3356    i.UART_SetConfig    stm32f7xx_hal_uart.o
    0x080072f0   0x080072f0   0x0000006a   Code   RO         3357    i.UART_Transmit_IT  stm32f7xx_hal_uart.o
    0x0800735a   0x0800735a   0x0000006c   Code   RO         3358    i.UART_WaitOnFlagUntilTimeout  stm32f7xx_hal_uart.o
    0x080073c6   0x080073c6   0x00000002   PAD
    0x080073c8   0x080073c8   0x00000010   Code   RO         4123    i.USART1_IRQHandler  stm32f7xx_it.o
    0x080073d8   0x080073d8   0x00000028   Code   RO         5538    i.__0sprintf        mc_w.l(printfa.o)
    0x08007400   0x08007400   0x0000000e   Code   RO         5646    i.__scatterload_copy  mc_w.l(handlers.o)
    0x0800740e   0x0800740e   0x00000002   Code   RO         5647    i.__scatterload_null  mc_w.l(handlers.o)
    0x08007410   0x08007410   0x0000000e   Code   RO         5648    i.__scatterload_zeroinit  mc_w.l(handlers.o)
    0x0800741e   0x0800741e   0x00000002   PAD
    0x08007420   0x08007420   0x00000184   Code   RO         5543    i._fp_digits        mc_w.l(printfa.o)
    0x080075a4   0x080075a4   0x000006dc   Code   RO         5544    i._printf_core      mc_w.l(printfa.o)
    0x08007c80   0x08007c80   0x00000024   Code   RO         5545    i._printf_post_padding  mc_w.l(printfa.o)
    0x08007ca4   0x08007ca4   0x0000002e   Code   RO         5546    i._printf_pre_padding  mc_w.l(printfa.o)
    0x08007cd2   0x08007cd2   0x0000000a   Code   RO         5548    i._sputc            mc_w.l(printfa.o)
    0x08007cdc   0x08007cdc   0x00000004   Code   RO         5203    i.error             mat_lib.o
    0x08007ce0   0x08007ce0   0x00000050   Code   RO         5564    i.free              mc_w.l(malloc.o)
    0x08007d30   0x08007d30   0x0000000c   Code   RO         5101    i.ft5336_Get_I2C_InitializedStatus  ft5336.o
    0x08007d3c   0x08007d3c   0x00000018   Code   RO         5102    i.ft5336_I2C_InitializeIfRequired  ft5336.o
    0x08007d54   0x08007d54   0x00000010   Code   RO         5103    i.ft5336_Init       ft5336.o
    0x08007d64   0x08007d64   0x0000003a   Code   RO         5104    i.ft5336_ReadID     ft5336.o
    0x08007d9e   0x08007d9e   0x00000002   Code   RO         5105    i.ft5336_Reset      ft5336.o
    0x08007da0   0x08007da0   0x00000002   Code   RO         5106    i.ft5336_TS_ClearIT  ft5336.o
    0x08007da2   0x08007da2   0x00000006   Code   RO         5107    i.ft5336_TS_Configure  ft5336.o
    0x08007da8   0x08007da8   0x00000040   Code   RO         5108    i.ft5336_TS_DetectTouch  ft5336.o
    0x08007de8   0x08007de8   0x00000014   Code   RO         5109    i.ft5336_TS_DisableIT  ft5336.o
    0x08007dfc   0x08007dfc   0x00000014   Code   RO         5110    i.ft5336_TS_EnableIT  ft5336.o
    0x08007e10   0x08007e10   0x0000001c   Code   RO         5111    i.ft5336_TS_GetGestureID  ft5336.o
    0x08007e2c   0x08007e2c   0x00000108   Code   RO         5112    i.ft5336_TS_GetTouchInfo  ft5336.o
    0x08007f34   0x08007f34   0x00000164   Code   RO         5113    i.ft5336_TS_GetXY   ft5336.o
    0x08008098   0x08008098   0x00000006   Code   RO         5114    i.ft5336_TS_ITStatus  ft5336.o
    0x0800809e   0x0800809e   0x00000016   Code   RO         5115    i.ft5336_TS_Start   ft5336.o
    0x080080b4   0x080080b4   0x00000144   Code   RO         3965    i.main              main.o
    0x080081f8   0x080081f8   0x0000006c   Code   RO         5565    i.malloc            mc_w.l(malloc.o)
    0x08008264   0x08008264   0x00000048   Code   RO         5206    i.mat_get           mat_lib.o
    0x080082ac   0x080082ac   0x00000074   Code   RO         5207    i.mat_move_down     mat_lib.o
    0x08008320   0x08008320   0x000000cc   Code   RO         5211    i.mat_mul           mat_lib.o
    0x080083ec   0x080083ec   0x00000050   Code   RO         5213    i.mat_set           mat_lib.o
    0x0800843c   0x0800843c   0x0000002c   Code   RO         3966    i.updateControlSignalValue  main.o
    0x08008468   0x08008468   0x00000008   Data   RO         2325    .constdata          stm32f7xx_hal_dma.o
    0x08008470   0x08008470   0x00000018   Data   RO         4321    .constdata          system_stm32f7xx.o
    0x08008488   0x08008488   0x00000018   Data   RO         4391    .constdata          stm32746g_discovery.o
    0x080084a0   0x080084a0   0x00003cdc   Data   RO         4634    .constdata          stm32746g_discovery_lcd.o
    0x0800c17c   0x0800c17c   0x00000020   Data   RO         5644    Region$$Table       anon$$obj.o


    Execution Region RW_IRAM1 (Exec base: 0x20000000, Load base: 0x0800c19c, Size: 0x00001018, Max: 0x00050000, ABSOLUTE)

    Exec Addr    Load Addr    Size         Type   Attr      Idx    E Section Name        Object

    0x20000000   0x0800c19c   0x00000004   Data   RW         2696    .data               stm32f7xx_hal.o
    0x20000004   0x0800c1a0   0x00000084   Data   RW         3968    .data               main.o
    0x20000088   0x0800c224   0x00000008   Data   RW         4299    .data               pid.o
    0x20000090   0x0800c22c   0x00000004   Data   RW         4322    .data               system_stm32f7xx.o
    0x20000094   0x0800c230   0x00000018   Data   RW         4392    .data               stm32746g_discovery.o
    0x200000ac   0x0800c248   0x0000002c   Data   RW         4635    .data               stm32746g_discovery_lcd.o
    0x200000d8   0x0800c274   0x00000002   Data   RW         4964    .data               stm32746g_discovery_sdram.o
    0x200000da   0x0800c276   0x00000002   PAD
    0x200000dc   0x0800c278   0x0000000a   Data   RW         5044    .data               stm32746g_discovery_ts.o
    0x200000e6   0x0800c282   0x00000002   PAD
    0x200000e8   0x0800c284   0x0000002e   Data   RW         5116    .data               ft5336.o
    0x20000116   0x0800c2b2   0x00000002   PAD
    0x20000118   0x0800c2b4   0x00000004   Data   RW         5627    .data               mc_w.l(mvars.o)
    0x2000011c   0x0800c2b8   0x00000004   Data   RW         5628    .data               mc_w.l(mvars.o)
    0x20000120        -       0x00000590   Zero   RW         3967    .bss                main.o
    0x200006b0        -       0x00000098   Zero   RW         4390    .bss                stm32746g_discovery.o
    0x20000748        -       0x00000184   Zero   RW         4633    .bss                stm32746g_discovery_lcd.o
    0x200008cc        -       0x00000120   Zero   RW         4963    .bss                stm32746g_discovery_sdram.o
    0x200009ec        -       0x00000028   Zero   RW         5043    .bss                stm32746g_discovery_ts.o
    0x20000a14   0x0800c2bc   0x00000004   PAD
    0x20000a18        -       0x00000200   Zero   RW            2    HEAP                startup_stm32f746xx.o
    0x20000c18        -       0x00000400   Zero   RW            1    STACK               startup_stm32f746xx.o

